207.46.13.28 - - [22/Jul/2018:13:57:40 -0400] "GET /who-we-are/sos-team HTTP/1.0" 404 575 "-" "Mozilla/5.0 (compatible; bingbot/2.0; +http://www.bing.com/bingbot.htm)"
183.129.79.163 - - [22/Jul/2018:13:57:57 -0400] "GET / HTTP/1.0" 200 31339 "http://cs.58.com/" "Mozilla/5.0 (compatible; Baiduspider/2.0; +http://www.baidu.com/search/spider.html\xa3\xa9"
183.129.79.163 - - [22/Jul/2018:13:57:58 -0400] "GET //plus/download.php?open=1&arrs1[]=99&arrs1[]=102&arrs1[]=103&arrs1[]=95&arrs1[]=100&arrs1[]=98&arrs1[]=112&arrs1[]=114&arrs1[]=101&arrs1[]=102&arrs1[]=105&arrs1[]=120&arrs2[]=109&arrs2[]=121&arrs2[]=97&arrs2[]=100&arrs2[]=96&arrs2[]=32&arrs2[]=83&arrs2[]=69&arrs2[]=84&arrs2[]=32&arrs2[]=96&arrs2[]=110&arrs2[]=111&arrs2[]=114&arrs2[]=109&arrs2[]=98&arrs2[]=111&arrs2[]=100&arrs2[]=121&arrs2[]=96&arrs2[]=32&arrs2[]=61&arrs2[]=32&arrs2[]=39&arrs2[]=60&arrs2[]=63&arrs2[]=112&arrs2[]=104&arrs2[]=112&arrs2[]=32&arrs2[]=102&arrs2[]=105&arrs2[]=108&arrs2[]=101&arrs2[]=95&arrs2[]=112&arrs2[]=117&arrs2[]=116&arrs2[]=95&arrs2[]=99&arrs2[]=111&arrs2[]=110&arrs2[]=116&arrs2[]=101&arrs2[]=110&arrs2[]=116&arrs2[]=115&arrs2[]=40&arrs2[]=39&arrs2[]=39&arrs2[]=109&arrs2[]=111&arrs2[]=111&arrs2[]=110&arrs2[]=46&arrs2[]=112&arrs2[]=104&arrs2[]=112&arrs2[]=39&arrs2[]=39&arrs2[]=44&arrs2[]=39&arrs2[]=39&arrs2[]=60&arrs2[]=63&arrs2[]=112&arrs2[]=104&arrs2[]=112&arrs2[]=32&arrs2[]=101&arrs2[]=118&arrs2[]=97&arrs2[]=108&arrs2[]=40&arrs2[]=36&arrs2[]=95&arrs2[]=80&arrs2[]=79&arrs2[]=83&arrs2[]=84&arrs2[]=91&arrs2[]=120&arrs2[]=93&arrs2[]=41&arrs2[]=59&arrs2[]=101&arrs2[]=99&arrs2[]=104&arrs2[]=111&arrs2[]=32&arrs2[]=109&arrs2[]=79&arrs2[]=111&arrs2[]=110&arrs2[]=59&arrs2[]=63&arrs2[]=62&arrs2[]=39&arrs2[]=39&arrs2[]=41&arrs2[]=59&arrs2[]=63&arrs2[]=62&arrs2[]=39&arrs2[]=32&arrs2[]=87&arrs2[]=72&arrs2[]=69&arrs2[]=82&arrs2[]=69&arrs2[]=32&arrs2[]=96&arrs2[]=97&arrs2[]=105&arrs2[]=100&arrs2[]=96&arrs2[]=32&arrs2[]=61&arrs2[]=49&arrs2[]=57&arrs2[]=32&arrs2[]=35 HTTP/1.0" 404 575 "http://cs.58.com/" "Mozilla/5.0 (compatible; Baiduspider/2.0; +http://www.baidu.com/search/spider.html\xa3\xa9"
183.129.79.163 - - [22/Jul/2018:13:57:59 -0400] "GET //plus/ad_js.php?aid=19 HTTP/1.0" 404 575 "http://cs.58.com/" "Mozilla/5.0 (compatible; Baiduspider/2.0; +http://www.baidu.com/search/spider.html\xa3\xa9"
183.129.79.163 - - [22/Jul/2018:13:57:59 -0400] "GET //plus/moon.php HTTP/1.0" 404 575 "http://cs.58.com/" "Mozilla/5.0 (compatible; Baiduspider/2.0; +http://www.baidu.com/search/spider.html\xa3\xa9"
185.25.32.37 - - [22/Jul/2018:13:58:31 -0400] "GET /robots.txt HTTP/1.0" 404 575 "-" "robots"
185.25.32.34 - - [22/Jul/2018:13:58:32 -0400] "GET /profiles/blog/new HTTP/1.0" 404 575 "-" "magpie-crawler/1.1 (U; Linux amd64; en-GB; +http://www.brandwatch.net)"
104.152.186.142 - - [22/Jul/2018:13:59:17 -0400] "GET /who-we-are/our-locations/ HTTP/1.0" 404 575 "https://ydekc.org" "Mozilla/5.0 (compatible; MSIE 9.0; Windows NT 6.1; WOW64; Trident/5.0)"
104.152.186.142 - - [22/Jul/2018:13:59:17 -0400] "GET /who-we-are/our-locations/ HTTP/1.0" 404 575 "https://ydekc.org" "Mozilla/5.0 (compatible; MSIE 9.0; Windows NT 6.1; WOW64; Trident/5.0)"
46.119.124.149 - - [22/Jul/2018:14:00:54 -0400] "GET /who-we-are/sos-team/ HTTP/1.0" 404 575 "http://pornoelita.info/" "Mozilla/4.0 (compatible; MSIE 6.0; Windows NT 5.1; SV1; .NET CLR 1.1.4322)"
46.119.124.149 - - [22/Jul/2018:14:00:55 -0400] "GET /who-we-are/sos-team/ HTTP/1.0" 404 575 "http://pornoelita.info/" "Mozilla/4.0 (compatible; MSIE 6.0; Windows NT 5.1; SV1; .NET CLR 1.1.4322)"
40.77.167.145 - - [22/Jul/2018:14:01:45 -0400] "GET /get-involved/utah-pay-in-full HTTP/1.0" 404 575 "-" "Mozilla/5.0 (compatible; bingbot/2.0; +http://www.bing.com/bingbot.htm)"
40.77.167.145 - - [22/Jul/2018:14:01:11 -0400] "GET /what-we-do/core-values HTTP/1.0" 404 575 "-" "Mozilla/5.0 (compatible; bingbot/2.0; +http://www.bing.com/bingbot.htm)"
77.75.78.164 - - [22/Jul/2018:14:04:46 -0400] "GET /robots.txt HTTP/1.0" 404 575 "-" "Mozilla/5.0 (compatible; SeznamBot/3.2; +http://napoveda.seznam.cz/en/seznambot-intro/)"
77.75.78.164 - - [22/Jul/2018:14:04:46 -0400] "GET /get-involved/events/pledge-campaign/create-a-page HTTP/1.0" 404 575 "-" "Mozilla/5.0 (compatible; SeznamBot/3.2; +http://napoveda.seznam.cz/en/seznambot-intro/)"
185.25.32.42 - - [22/Jul/2018:14:05:52 -0400] "GET /robots.txt HTTP/1.0" 404 575 "-" "robots"
185.25.32.32 - - [22/Jul/2018:14:05:52 -0400] "GET /profiles/blog/feed?xn_auth=no HTTP/1.0" 404 575 "-" "magpie-crawler/1.1 (U; Linux amd64; en-GB; +http://www.brandwatch.net)"
46.229.168.75 - - [22/Jul/2018:14:07:43 -0400] "GET /robots.txt HTTP/1.0" 404 575 "-" "Mozilla/5.0 (compatible; SemrushBot/2~bl; +http://www.semrush.com/bot.html)"
46.229.168.66 - - [22/Jul/2018:14:07:51 -0400] "GET /translate HTTP/1.0" 404 575 "-" "Mozilla/5.0 (compatible; SemrushBot/2~bl; +http://www.semrush.com/bot.html)"
62.210.215.117 - - [22/Jul/2018:14:19:58 -0400] "GET /profiles/friend/feed?user=2kl445qchrn6r&xn_auth=no HTTP/1.0" 404 575 "-" "Mozilla/5.0 (X11; Linux i686) AppleWebKit/537.36 (KHTML, like Gecko) Chrome/30.0.1599.66 Safari/537.36"
172.58.175.181 - - [22/Jul/2018:14:20:55 -0400] "GET /favicon.ico HTTP/1.0" 404 575 "-" "okhttp/2.5.0"
185.203.240.129 - - [22/Jul/2018:14:23:12 -0400] "GET / HTTP/1.0" 200 272 "https://mklass.kiev.ua/news/komody-pod-zakaz/" "Mozilla/6.0 (compatible; MSIE5.00; Windows 2007)"
77.220.215.153 - - [22/Jul/2018:14:23:12 -0400] "GET / HTTP/1.0" 200 271 "https://dvm.net.ua/derevyannaya-mebel-na-zakaz/" "Mozilla/3.0 (compatible; MSIE5.00; Windows 2004)"
185.209.20.147 - - [22/Jul/2018:14:23:12 -0400] "GET / HTTP/1.0" 200 272 "http://visitin.ru/press-reliz" "Mozilla/8.0 (compatible; MSIE4.00; Windows 2006)"
77.220.213.173 - - [22/Jul/2018:14:23:12 -0400] "GET / HTTP/1.0" 200 272 "http://onecapper.ru" "Mozilla/6.0 (compatible; MSIE4.00; Windows 2006)"
212.86.109.31 - - [22/Jul/2018:14:23:12 -0400] "GET / HTTP/1.0" 200 272 "https://www.bufetout.ru/catering/kofe-breik/" "Mozilla/7.0 (compatible; MSIE4.00; Windows 2008)"
185.154.13.6 - - [22/Jul/2018:14:19:53 -0400] "GET / HTTP/1.0" 200 272 "https://ortelmobile.ru/internet-v-avstrii/sim-karta-yooopi-v-avstrii" "Mozilla/8.0 (compatible; MSIE7.00; Windows 2002)"
77.220.214.180 - - [22/Jul/2018:14:23:13 -0400] "GET / HTTP/1.0" 200 271 "http://eng-house.ru/courses/deti-4-6-let/" "Mozilla/5.0 (compatible; MSIE2.00; Windows 2007)"
178.159.39.237 - - [22/Jul/2018:14:19:54 -0400] "GET / HTTP/1.0" 200 272 "https://vilkapro.ru/news/basketball-news/" "Mozilla/3.0 (compatible; MSIE4.00; Windows 2002)"
178.159.43.212 - - [22/Jul/2018:14:27:28 -0400] "GET / HTTP/1.0" 200 272 "https://secretzdorovya.ru/poleznye-sovety/" "Mozilla/8.0 (compatible; MSIE2.00; Windows 2005)"
207.46.13.28 - - [22/Jul/2018:14:28:48 -0400] "GET /index.cfm?fuseaction=Content.Events&Date=12/11/2008 HTTP/1.0" 404 575 "-" "Mozilla/5.0 (iPhone; CPU iPhone OS 7_0 like Mac OS X) AppleWebKit/537.51.1 (KHTML, like Gecko) Version/7.0 Mobile/11A465 Safari/9537.53 (compatible; bingbot/2.0; +http://www.bing.com/bingbot.htm)"
54.36.149.89 - - [22/Jul/2018:14:29:14 -0400] "GET /get-involved/cerr-schedule HTTP/1.0" 404 575 "-" "Mozilla/5.0 (compatible; AhrefsBot/5.2; +http://ahrefs.com/robot/)"
65.156.244.50 - - [22/Jul/2018:14:31:06 -0400] "GET / HTTP/1.0" 200 50739 "https://www.google.com/" "Mozilla/5.0 (Macintosh; Intel Mac OS X 10_12_6) AppleWebKit/604.5.6 (KHTML, like Gecko) Version/11.0.3 Safari/604.5.6"
65.156.244.50 - - [22/Jul/2018:14:31:11 -0400] "GET /favicon.ico HTTP/1.0" 404 575 "http://sosoutreach.org/" "Mozilla/5.0 (Macintosh; Intel Mac OS X 10_12_6) AppleWebKit/604.5.6 (KHTML, like Gecko) Version/11.0.3 Safari/604.5.6"
65.156.244.50 - - [22/Jul/2018:14:31:46 -0400] "GET / HTTP/1.0" 200 50734 "-" "Mozilla/5.0 (Macintosh; Intel Mac OS X 10_12_6) AppleWebKit/604.5.6 (KHTML, like Gecko) Version/11.0.3 Safari/604.5.6"
40.77.167.145 - - [22/Jul/2018:14:32:12 -0400] "GET /group/dcisoutdoorclub HTTP/1.0" 404 575 "-" "Mozilla/5.0 (compatible; bingbot/2.0; +http://www.bing.com/bingbot.htm)"
65.156.244.50 - - [22/Jul/2018:14:32:15 -0400] "GET /what-we-do/programs HTTP/1.0" 404 575 "https://www.google.com/" "Mozilla/5.0 (Macintosh; Intel Mac OS X 10_12_6) AppleWebKit/604.5.6 (KHTML, like Gecko) Version/11.0.3 Safari/604.5.6"
89.82.71.144 - - [22/Jul/2018:14:32:23 -0400] "GET /wp-login.php HTTP/1.0" 404 575 "-" "Mozilla/5.0 (Windows NT 6.1; WOW64; rv:40.0) Gecko/20100101 Firefox/40.1"
89.82.71.144 - - [22/Jul/2018:14:32:23 -0400] "GET / HTTP/1.0" 200 48418 "-" "Mozilla/5.0 (Windows NT 6.1; WOW64; rv:40.0) Gecko/20100101 Firefox/40.1"
65.156.244.50 - - [22/Jul/2018:14:33:48 -0400] "GET /what-we-do/core-values HTTP/1.0" 404 575 "https://www.google.com/" "Mozilla/5.0 (Macintosh; Intel Mac OS X 10_12_6) AppleWebKit/604.5.6 (KHTML, like Gecko) Version/11.0.3 Safari/604.5.6"
54.36.148.25 - - [22/Jul/2018:14:40:21 -0400] "GET /posts HTTP/1.0" 404 575 "-" "Mozilla/5.0 (compatible; AhrefsBot/5.2; +http://ahrefs.com/robot/)"
65.156.244.50 - - [22/Jul/2018:14:42:41 -0400] "GET / HTTP/1.0" 200 50332 "-" "Mozilla/5.0 (Macintosh; Intel Mac OS X 10_12_6) AppleWebKit/604.5.6 (KHTML, like Gecko) Version/11.0.3 Safari/604.5.6"
65.156.244.50 - - [22/Jul/2018:14:43:25 -0400] "GET /who-we-are/sos-team HTTP/1.0" 404 575 "https://www.google.com/" "Mozilla/5.0 (Macintosh; Intel Mac OS X 10_12_6) AppleWebKit/604.5.6 (KHTML, like Gecko) Version/11.0.3 Safari/604.5.6"
49.147.104.238 - - [22/Jul/2018:14:44:16 -0400] "GET / HTTP/1.0" 200 49506 "-" "Mozilla/5.0 (Windows NT 6.1) AppleWebKit/537.36 (KHTML, like Gecko) Chrome/67.0.3396.99 Safari/537.36"
49.147.104.238 - - [22/Jul/2018:14:44:19 -0400] "GET /favicon.ico HTTP/1.0" 404 575 "http://www.sosoutreach.org/" "Mozilla/5.0 (Windows NT 6.1) AppleWebKit/537.36 (KHTML, like Gecko) Chrome/67.0.3396.99 Safari/537.36"
65.156.244.50 - - [22/Jul/2018:14:44:57 -0400] "GET /get-involved/work-with-sos HTTP/1.0" 404 575 "https://www.google.com/" "Mozilla/5.0 (Macintosh; Intel Mac OS X 10_12_6) AppleWebKit/604.5.6 (KHTML, like Gecko) Version/11.0.3 Safari/604.5.6"
13.77.169.115 - - [22/Jul/2018:14:45:03 -0400] "GET /program-resources/regional-information/absinthe-films-present-turbodojo-seattle! HTTP/1.0" 404 575 "-" "Mozilla/5.0 (compatible; bingbot/2.0; +http://www.bing.com/bingbot.htm)"
157.55.39.96 - - [22/Jul/2018:14:45:36 -0400] "GET /robots.txt HTTP/1.0" 404 575 "-" "Mozilla/5.0 (compatible; bingbot/2.0; +http://www.bing.com/bingbot.htm)"
207.46.13.47 - - [22/Jul/2018:14:45:44 -0400] "GET /img/universal/hollywood_squares/icon_play_overlay.png HTTP/1.0" 404 575 "-" "Mozilla/5.0 (compatible; bingbot/2.0; +http://www.bing.com/bingbot.htm)"
207.46.13.47 - - [22/Jul/2018:14:45:44 -0400] "GET /uploads/5a57782fb8d39a6f2d001249/26233481_10213667975207032_2458397389932480605_o.jpg HTTP/1.0" 404 575 "-" "Mozilla/5.0 (compatible; bingbot/2.0; +http://www.bing.com/bingbot.htm)"
207.46.13.47 - - [22/Jul/2018:14:45:44 -0400] "GET /img/universal/hollywood_squares/icon_play_overlay.png HTTP/1.0" 404 575 "-" "Mozilla/5.0 (compatible; bingbot/2.0; +http://www.bing.com/bingbot.htm)"
207.46.13.47 - - [22/Jul/2018:14:42:25 -0400] "GET /uploads/5a57782fb8d39a6f2d001249/26233481_10213667975207032_2458397389932480605_o.jpg HTTP/1.0" 404 575 "-" "Mozilla/5.0 (compatible; bingbot/2.0; +http://www.bing.com/bingbot.htm)"
157.55.39.96 - - [22/Jul/2018:14:45:48 -0400] "GET /img/universal/hollywood_squares/icon.squares.blog.png HTTP/1.0" 404 575 "-" "Mozilla/5.0 (compatible; bingbot/2.0; +http://www.bing.com/bingbot.htm)"
157.55.39.96 - - [22/Jul/2018:14:45:48 -0400] "GET /img/universal/hollywood_squares/icon.squares.blog.png HTTP/1.0" 404 575 "-" "Mozilla/5.0 (compatible; bingbot/2.0; +http://www.bing.com/bingbot.htm)"
40.77.167.145 - - [22/Jul/2018:14:45:53 -0400] "GET /uploads/57213175b8d39a03600005cf/Northstar_005.jpg HTTP/1.0" 404 575 "-" "Mozilla/5.0 (compatible; bingbot/2.0; +http://www.bing.com/bingbot.htm)"
40.77.167.145 - - [22/Jul/2018:14:45:53 -0400] "GET /uploads/57213175b8d39a03600005cf/Northstar_005.jpg HTTP/1.0" 404 575 "-" "Mozilla/5.0 (compatible; bingbot/2.0; +http://www.bing.com/bingbot.htm)"
207.46.13.28 - - [22/Jul/2018:14:42:39 -0400] "GET /img/universal/hollywood_squares/icon.squares.event.png HTTP/1.0" 404 575 "-" "Mozilla/5.0 (compatible; bingbot/2.0; +http://www.bing.com/bingbot.htm)"
207.46.13.28 - - [22/Jul/2018:14:45:59 -0400] "GET /uploads/54121912ff2a7c032e0007f2/david-garcia.jpg HTTP/1.0" 404 575 "-" "Mozilla/5.0 (compatible; bingbot/2.0; +http://www.bing.com/bingbot.htm)"
207.46.13.28 - - [22/Jul/2018:14:45:59 -0400] "GET /img/universal/hollywood_squares/icon.squares.event.png HTTP/1.0" 404 575 "-" "Mozilla/5.0 (compatible; bingbot/2.0; +http://www.bing.com/bingbot.htm)"
207.46.13.28 - - [22/Jul/2018:14:45:59 -0400] "GET /uploads/54121912ff2a7c032e0007f2/david-garcia.jpg HTTP/1.0" 404 575 "-" "Mozilla/5.0 (compatible; bingbot/2.0; +http://www.bing.com/bingbot.htm)"
197.41.75.111 - - [22/Jul/2018:14:46:00 -0400] "GET /wp-login.php HTTP/1.0" 404 575 "-" "Mozilla/5.0 (Windows NT 6.1; WOW64; rv:40.0) Gecko/20100101 Firefox/40.1"
197.41.75.111 - - [22/Jul/2018:14:46:01 -0400] "GET / HTTP/1.0" 200 31264 "-" "Mozilla/5.0 (Windows NT 6.1; WOW64; rv:40.0) Gecko/20100101 Firefox/40.1"
62.210.215.117 - - [22/Jul/2018:14:45:28 -0400] "GET /activity/log/list?fmt=rss&screenName=3orlkvyatkihp HTTP/1.0" 404 575 "-" "Mozilla/5.0 (X11; Linux i686) AppleWebKit/537.36 (KHTML, like Gecko) Chrome/30.0.1599.66 Safari/537.36"
54.36.148.176 - - [22/Jul/2018:14:49:05 -0400] "GET /page/course-support HTTP/1.0" 404 575 "-" "Mozilla/5.0 (compatible; AhrefsBot/5.2; +http://ahrefs.com/robot/)"
207.46.13.47 - - [22/Jul/2018:14:49:37 -0400] "GET /?mobile=false HTTP/1.0" 200 272 "-" "Mozilla/5.0 (compatible; bingbot/2.0; +http://www.bing.com/bingbot.htm)"
24.8.240.249 - - [22/Jul/2018:14:51:07 -0400] "GET /mobile HTTP/1.0" 404 575 "-" "Mozilla/5.0 (Linux; Android 8.0.0; SM-G935T Build/R16NW; wv) AppleWebKit/537.36 (KHTML, like Gecko) Version/4.0 Chrome/67.0.3396.87 Mobile Safari/537.36"
24.8.240.249 - - [22/Jul/2018:14:51:08 -0400] "GET /favicon.ico HTTP/1.0" 404 575 "http://sosoutreach.org/mobile" "Mozilla/5.0 (Linux; Android 8.0.0; SM-G935T Build/R16NW; wv) AppleWebKit/537.36 (KHTML, like Gecko) Version/4.0 Chrome/67.0.3396.87 Mobile Safari/537.36"
201.255.107.4 - - [22/Jul/2018:14:51:14 -0400] "GET /wp-login.php HTTP/1.0" 404 575 "-" "Mozilla/5.0 (Windows NT 6.1; WOW64; rv:40.0) Gecko/20100101 Firefox/40.1"
201.255.107.4 - - [22/Jul/2018:14:51:14 -0400] "GET / HTTP/1.0" 200 49454 "-" "Mozilla/5.0 (Windows NT 6.1; WOW64; rv:40.0) Gecko/20100101 Firefox/40.1"
157.55.39.96 - - [22/Jul/2018:14:55:38 -0400] "GET /video/sos-tomahawk HTTP/1.0" 404 575 "-" "Mozilla/5.0 (compatible; bingbot/2.0; +http://www.bing.com/bingbot.htm)"
58.111.140.21 - - [22/Jul/2018:15:00:44 -0400] "GET /wp-login.php HTTP/1.0" 404 575 "-" "Mozilla/5.0 (Windows NT 6.1; WOW64; rv:40.0) Gecko/20100101 Firefox/40.1"
58.111.140.21 - - [22/Jul/2018:15:00:44 -0400] "GET / HTTP/1.0" 200 48590 "-" "Mozilla/5.0 (Windows NT 6.1; WOW64; rv:40.0) Gecko/20100101 Firefox/40.1"
46.229.168.67 - - [22/Jul/2018:15:03:01 -0400] "GET /robots.txt HTTP/1.0" 404 575 "-" "Mozilla/5.0 (compatible; SemrushBot/2~bl; +http://www.semrush.com/bot.html)"
46.229.168.77 - - [22/Jul/2018:15:03:08 -0400] "GET /who-we-are/media-and-press-releases HTTP/1.0" 404 575 "-" "Mozilla/5.0 (compatible; SemrushBot/2~bl; +http://www.semrush.com/bot.html)"
97.113.238.109 - - [22/Jul/2018:15:03:44 -0400] "GET / HTTP/1.0" 200 50332 "-" "Mozilla/5.0 (Macintosh; Intel Mac OS X 10_12_4) AppleWebKit/537.36 (KHTML, like Gecko) Chrome/67.0.3396.99 Safari/537.36"
207.46.13.28 - - [22/Jul/2018:15:04:26 -0400] "GET /page/summer-staff HTTP/1.0" 404 575 "-" "Mozilla/5.0 (compatible; bingbot/2.0; +http://www.bing.com/bingbot.htm)"
97.113.238.109 - - [22/Jul/2018:15:04:27 -0400] "GET /favicon.ico HTTP/1.0" 404 575 "http://sosoutreach.org/" "Mozilla/5.0 (Macintosh; Intel Mac OS X 10_12_4) AppleWebKit/537.36 (KHTML, like Gecko) Chrome/67.0.3396.99 Safari/537.36"
193.153.2.212 - - [22/Jul/2018:15:06:11 -0400] "GET /wp-login.php HTTP/1.0" 404 575 "-" "Mozilla/5.0 (Windows NT 6.1; WOW64; rv:40.0) Gecko/20100101 Firefox/40.1"
193.153.2.212 - - [22/Jul/2018:15:06:12 -0400] "GET / HTTP/1.0" 200 48164 "-" "Mozilla/5.0 (Windows NT 6.1; WOW64; rv:40.0) Gecko/20100101 Firefox/40.1"
52.90.152.231 - - [22/Jul/2018:15:09:07 -0400] "GET /sitemap.xml HTTP/1.0" 404 575 "https://www.google.com/" "Mozilla/5.0 (Windows; U; MSIE 7.0; Windows NT 6.0; en-US)"
194.67.207.9 - - [22/Jul/2018:15:10:49 -0400] "GET / HTTP/1.0" 200 272 "https://partizan19.ru/catalog/golovnye-ubory/bandany-balaklavy/balaklava-takticheskaya-mil-tec-tsvet-black-1-razrez.html" "Mozilla/7.0 (compatible; MSIE3.00; Windows 2002)"
39.32.88.3 - - [22/Jul/2018:15:11:08 -0400] "GET /wp-login.php HTTP/1.0" 404 575 "-" "Mozilla/5.0 (Windows NT 6.1; WOW64; rv:40.0) Gecko/20100101 Firefox/40.1"
39.32.88.3 - - [22/Jul/2018:15:11:08 -0400] "GET / HTTP/1.0" 200 31456 "-" "Mozilla/5.0 (Windows NT 6.1; WOW64; rv:40.0) Gecko/20100101 Firefox/40.1"
97.113.238.109 - - [22/Jul/2018:15:12:19 -0400] "POST /fileman/fileman.cgi?a=CbvMO16akz65vVi8AJcOjv%2FRTlUlyeWh%2FC%2F7V63KuWXixSRHr%2Ffskhg35MP4P%2FiHle2ZM8BpM%2FHc3Oq5DrDYpwJDuxPYDKSQ%2FM1mbfjoqB%2FziNSl8psRZN9Rk9YPWvhvPOt07u9NG2ClvHQrYU5GZ9gvWykin7Pb%2FBVIi6ze7Ko%3D HTTP/1.0" 302 - "https://hcp.networksolutions.com/filemanager" "Mozilla/5.0 (Macintosh; Intel Mac OS X 10_12_4) AppleWebKit/537.36 (KHTML, like Gecko) Chrome/67.0.3396.99 Safari/537.36"
97.113.238.109 - - [22/Jul/2018:15:12:21 -0400] "GET /fileman/fileman.cgi HTTP/1.0" 200 30451 "https://hcp.networksolutions.com/filemanager" "Mozilla/5.0 (Macintosh; Intel Mac OS X 10_12_4) AppleWebKit/537.36 (KHTML, like Gecko) Chrome/67.0.3396.99 Safari/537.36"
97.113.238.109 - - [22/Jul/2018:15:12:24 -0400] "GET /favicon.ico HTTP/1.0" 404 575 "https://0424da5.netsolhost.com/fileman/fileman.cgi" "Mozilla/5.0 (Macintosh; Intel Mac OS X 10_12_4) AppleWebKit/537.36 (KHTML, like Gecko) Chrome/67.0.3396.99 Safari/537.36"
97.113.238.109 - - [22/Jul/2018:15:12:24 -0400] "POST /fileman/fileman.cgi HTTP/1.0" 200 598 "https://0424da5.netsolhost.com/fileman/fileman.cgi" "Mozilla/5.0 (Macintosh; Intel Mac OS X 10_12_4) AppleWebKit/537.36 (KHTML, like Gecko) Chrome/67.0.3396.99 Safari/537.36"
97.113.238.109 - - [22/Jul/2018:15:12:28 -0400] "POST /fileman/fileman.cgi HTTP/1.0" 200 1951 "https://0424da5.netsolhost.com/fileman/fileman.cgi" "Mozilla/5.0 (Macintosh; Intel Mac OS X 10_12_4) AppleWebKit/537.36 (KHTML, like Gecko) Chrome/67.0.3396.99 Safari/537.36"
97.113.238.109 - - [22/Jul/2018:15:12:28 -0400] "POST /fileman/fileman.cgi HTTP/1.0" 200 1951 "https://0424da5.netsolhost.com/fileman/fileman.cgi" "Mozilla/5.0 (Macintosh; Intel Mac OS X 10_12_4) AppleWebKit/537.36 (KHTML, like Gecko) Chrome/67.0.3396.99 Safari/537.36"
97.113.238.109 - - [22/Jul/2018:15:12:28 -0400] "POST /fileman/fileman.cgi HTTP/1.0" 200 1951 "https://0424da5.netsolhost.com/fileman/fileman.cgi" "Mozilla/5.0 (Macintosh; Intel Mac OS X 10_12_4) AppleWebKit/537.36 (KHTML, like Gecko) Chrome/67.0.3396.99 Safari/537.36"
97.113.238.109 - - [22/Jul/2018:15:13:24 -0400] "POST /fileman/fileman.cgi HTTP/1.0" 200 1951 "https://0424da5.netsolhost.com/fileman/fileman.cgi" "Mozilla/5.0 (Macintosh; Intel Mac OS X 10_12_4) AppleWebKit/537.36 (KHTML, like Gecko) Chrome/67.0.3396.99 Safari/537.36"
97.113.238.109 - - [22/Jul/2018:15:13:28 -0400] "POST /fileman/fileman.cgi HTTP/1.0" 200 598 "https://0424da5.netsolhost.com/fileman/fileman.cgi" "Mozilla/5.0 (Macintosh; Intel Mac OS X 10_12_4) AppleWebKit/537.36 (KHTML, like Gecko) Chrome/67.0.3396.99 Safari/537.36"
73.14.243.111 - - [22/Jul/2018:15:13:50 -0400] "POST /fileman/fileman.cgi?a=%2FL5CJEq%2BzfyEfPV%2Fgf%2BQ8OBBzdyDrpPTo4tgDVpI8sRW5odFHSqzJGj%2BCXuVxtHyN7MBBQN89vsvOIZVzwa6g1yJCumf4SLRLvo2jHL5buuJdpJ0qMUI6z7i8ahaOw4aSsmxH7Orz2%2BQNLFwyuJYS6iDpwGLmOnC1xxV4mBEVPs%3D HTTP/1.0" 302 - "https://hcp.networksolutions.com/filemanager" "Mozilla/5.0 (Windows NT 10.0; Win64; x64) AppleWebKit/537.36 (KHTML, like Gecko) Chrome/67.0.3396.99 Safari/537.36"
73.14.243.111 - - [22/Jul/2018:15:13:51 -0400] "GET /fileman/fileman.cgi HTTP/1.0" 200 30451 "https://hcp.networksolutions.com/filemanager" "Mozilla/5.0 (Windows NT 10.0; Win64; x64) AppleWebKit/537.36 (KHTML, like Gecko) Chrome/67.0.3396.99 Safari/537.36"
73.14.243.111 - - [22/Jul/2018:15:10:36 -0400] "GET /favicon.ico HTTP/1.0" 404 575 "https://0424da5.netsolhost.com/fileman/fileman.cgi" "Mozilla/5.0 (Windows NT 10.0; Win64; x64) AppleWebKit/537.36 (KHTML, like Gecko) Chrome/67.0.3396.99 Safari/537.36"
73.14.243.111 - - [22/Jul/2018:15:10:35 -0400] "POST /fileman/fileman.cgi HTTP/1.0" 200 598 "https://0424da5.netsolhost.com/fileman/fileman.cgi" "Mozilla/5.0 (Windows NT 10.0; Win64; x64) AppleWebKit/537.36 (KHTML, like Gecko) Chrome/67.0.3396.99 Safari/537.36"
97.113.238.109 - - [22/Jul/2018:15:13:59 -0400] "POST /fileman/fileman.cgi HTTP/1.0" 200 598 "https://0424da5.netsolhost.com/fileman/fileman.cgi" "Mozilla/5.0 (Macintosh; Intel Mac OS X 10_12_4) AppleWebKit/537.36 (KHTML, like Gecko) Chrome/67.0.3396.99 Safari/537.36"
97.113.238.109 - - [22/Jul/2018:15:13:59 -0400] "POST /fileman/fileman.cgi HTTP/1.0" 200 598 "https://0424da5.netsolhost.com/fileman/fileman.cgi" "Mozilla/5.0 (Macintosh; Intel Mac OS X 10_12_4) AppleWebKit/537.36 (KHTML, like Gecko) Chrome/67.0.3396.99 Safari/537.36"
97.113.238.109 - - [22/Jul/2018:15:13:59 -0400] "POST /fileman/fileman.cgi HTTP/1.0" 200 598 "https://0424da5.netsolhost.com/fileman/fileman.cgi" "Mozilla/5.0 (Macintosh; Intel Mac OS X 10_12_4) AppleWebKit/537.36 (KHTML, like Gecko) Chrome/67.0.3396.99 Safari/537.36"
97.113.238.109 - - [22/Jul/2018:15:13:59 -0400] "POST /fileman/fileman.cgi HTTP/1.0" 200 598 "https://0424da5.netsolhost.com/fileman/fileman.cgi" "Mozilla/5.0 (Macintosh; Intel Mac OS X 10_12_4) AppleWebKit/537.36 (KHTML, like Gecko) Chrome/67.0.3396.99 Safari/537.36"
97.113.238.109 - - [22/Jul/2018:15:13:59 -0400] "POST /fileman/fileman.cgi HTTP/1.0" 200 598 "https://0424da5.netsolhost.com/fileman/fileman.cgi" "Mozilla/5.0 (Macintosh; Intel Mac OS X 10_12_4) AppleWebKit/537.36 (KHTML, like Gecko) Chrome/67.0.3396.99 Safari/537.36"
97.113.238.109 - - [22/Jul/2018:15:13:59 -0400] "POST /fileman/fileman.cgi HTTP/1.0" 200 598 "https://0424da5.netsolhost.com/fileman/fileman.cgi" "Mozilla/5.0 (Macintosh; Intel Mac OS X 10_12_4) AppleWebKit/537.36 (KHTML, like Gecko) Chrome/67.0.3396.99 Safari/537.36"
97.113.238.109 - - [22/Jul/2018:15:14:03 -0400] "POST /fileman/fileman.cgi HTTP/1.0" 200 1951 "https://0424da5.netsolhost.com/fileman/fileman.cgi" "Mozilla/5.0 (Macintosh; Intel Mac OS X 10_12_4) AppleWebKit/537.36 (KHTML, like Gecko) Chrome/67.0.3396.99 Safari/537.36"
97.113.238.109 - - [22/Jul/2018:15:14:03 -0400] "POST /fileman/fileman.cgi HTTP/1.0" 200 1951 "https://0424da5.netsolhost.com/fileman/fileman.cgi" "Mozilla/5.0 (Macintosh; Intel Mac OS X 10_12_4) AppleWebKit/537.36 (KHTML, like Gecko) Chrome/67.0.3396.99 Safari/537.36"
97.113.238.109 - - [22/Jul/2018:15:14:03 -0400] "POST /fileman/fileman.cgi HTTP/1.0" 200 1951 "https://0424da5.netsolhost.com/fileman/fileman.cgi" "Mozilla/5.0 (Macintosh; Intel Mac OS X 10_12_4) AppleWebKit/537.36 (KHTML, like Gecko) Chrome/67.0.3396.99 Safari/537.36"
73.14.243.111 - - [22/Jul/2018:15:14:04 -0400] "POST /fileman/fileman.cgi HTTP/1.0" 200 1951 "https://0424da5.netsolhost.com/fileman/fileman.cgi" "Mozilla/5.0 (Windows NT 10.0; Win64; x64) AppleWebKit/537.36 (KHTML, like Gecko) Chrome/67.0.3396.99 Safari/537.36"
73.14.243.111 - - [22/Jul/2018:15:14:05 -0400] "POST /fileman/fileman.cgi HTTP/1.0" 200 1951 "https://0424da5.netsolhost.com/fileman/fileman.cgi" "Mozilla/5.0 (Windows NT 10.0; Win64; x64) AppleWebKit/537.36 (KHTML, like Gecko) Chrome/67.0.3396.99 Safari/537.36"
73.14.243.111 - - [22/Jul/2018:15:10:45 -0400] "POST /fileman/fileman.cgi HTTP/1.0" 200 1951 "https://0424da5.netsolhost.com/fileman/fileman.cgi" "Mozilla/5.0 (Windows NT 10.0; Win64; x64) AppleWebKit/537.36 (KHTML, like Gecko) Chrome/67.0.3396.99 Safari/537.36"
157.55.39.96 - - [22/Jul/2018:15:11:28 -0400] "GET /page/front-range-office HTTP/1.0" 404 575 "-" "Mozilla/5.0 (compatible; bingbot/2.0; +http://www.bing.com/bingbot.htm)"
97.113.238.109 - - [22/Jul/2018:15:14:50 -0400] "POST /fileman/fileman.cgi HTTP/1.0" 200 1951 "https://0424da5.netsolhost.com/fileman/fileman.cgi" "Mozilla/5.0 (Macintosh; Intel Mac OS X 10_12_4) AppleWebKit/537.36 (KHTML, like Gecko) Chrome/67.0.3396.99 Safari/537.36"
73.14.243.111 - - [22/Jul/2018:15:14:57 -0400] "POST /fileman/fileman.cgi HTTP/1.0" 200 1951 "https://0424da5.netsolhost.com/fileman/fileman.cgi" "Mozilla/5.0 (Windows NT 10.0; Win64; x64) AppleWebKit/537.36 (KHTML, like Gecko) Chrome/67.0.3396.99 Safari/537.36"
62.210.215.117 - - [22/Jul/2018:15:15:07 -0400] "GET /group/sosfortcollins/forum?feed=yes&xn_auth=no HTTP/1.0" 404 575 "-" "Mozilla/5.0 (X11; Linux i686) AppleWebKit/537.36 (KHTML, like Gecko) Chrome/30.0.1599.66 Safari/537.36"
62.210.215.117 - - [22/Jul/2018:15:15:19 -0400] "GET /activity/log/list?fmt=rss&screenName=2atitwr0obuyx HTTP/1.0" 404 575 "-" "Mozilla/5.0 (X11; Linux i686) AppleWebKit/537.36 (KHTML, like Gecko) Chrome/30.0.1599.66 Safari/537.36"
194.67.210.77 - - [22/Jul/2018:15:19:16 -0400] "GET / HTTP/1.0" 200 272 "http://online-binbank.ru" "Mozilla/3.0 (compatible; MSIE4.00; Windows 2007)"
185.125.219.13 - - [22/Jul/2018:15:19:16 -0400] "GET / HTTP/1.0" 200 272 "https://teman.com.ua/pages/stock" "Mozilla/8.0 (compatible; MSIE6.00; Windows 2007)"
194.67.207.94 - - [22/Jul/2018:15:19:16 -0400] "GET / HTTP/1.0" 200 271 "http://xn-------53dbcapga5atlplfdm6ag1ab1bvehl0b7toa0k.xn--p1ai/" "Mozilla/7.0 (compatible; MSIE5.00; Windows 2007)"
185.5.249.185 - - [22/Jul/2018:15:19:16 -0400] "GET / HTTP/1.0" 200 271 "https://loveorganic.ch/" "Mozilla/7.0 (compatible; MSIE3.00; Windows 2002)"
84.100.139.233 - - [22/Jul/2018:15:21:24 -0400] "GET /wp-login.php HTTP/1.0" 404 575 "-" "Mozilla/5.0 (Windows NT 6.1; WOW64; rv:40.0) Gecko/20100101 Firefox/40.1"
84.100.139.233 - - [22/Jul/2018:15:18:06 -0400] "GET / HTTP/1.0" 200 48082 "-" "Mozilla/5.0 (Windows NT 6.1; WOW64; rv:40.0) Gecko/20100101 Firefox/40.1"
54.36.148.237 - - [22/Jul/2018:15:22:18 -0400] "GET /main/sharing/share?id=2817153%253AUser%253A5206 HTTP/1.0" 404 575 "-" "Mozilla/5.0 (compatible; AhrefsBot/5.2; +http://ahrefs.com/robot/)"
172.58.62.166 - - [22/Jul/2018:15:23:56 -0400] "GET /mobile HTTP/1.0" 404 575 "-" "Mozilla/5.0 (Linux; Android 8.0.0; SM-G935T Build/R16NW; wv) AppleWebKit/537.36 (KHTML, like Gecko) Version/4.0 Chrome/67.0.3396.87 Mobile Safari/537.36"
172.58.62.166 - - [22/Jul/2018:15:23:57 -0400] "GET /favicon.ico HTTP/1.0" 404 575 "http://sosoutreach.org/mobile" "Mozilla/5.0 (Linux; Android 8.0.0; SM-G935T Build/R16NW; wv) AppleWebKit/537.36 (KHTML, like Gecko) Version/4.0 Chrome/67.0.3396.87 Mobile Safari/537.36"
193.124.190.64 - - [22/Jul/2018:15:27:50 -0400] "GET / HTTP/1.0" 200 272 "http://allwrighter.ru/slogany-na-zakaz/" "Mozilla/5.0 (compatible; MSIE2.00; Windows 2005)"
193.124.176.156 - - [22/Jul/2018:15:27:50 -0400] "GET / HTTP/1.0" 200 271 "https://voronezh.nevapotolok.ru/" "Mozilla/2.0 (compatible; MSIE2.00; Windows 2005)"
185.125.219.134 - - [22/Jul/2018:15:27:53 -0400] "GET / HTTP/1.0" 200 272 "https://dent-home.ru/uslugi/udalenie-zubov-na-domu-v-moskve" "Mozilla/5.0 (compatible; MSIE7.00; Windows 2005)"
193.124.179.180 - - [22/Jul/2018:15:29:37 -0400] "GET / HTTP/1.0" 200 272 "http://ruinfocomp.ru/hdd/kak-razbit-zhestkiy-disk-na-noutbuke-pravilno-prostaya-i-dostupnaya-instrktsiya.html" "Mozilla/2.0 (compatible; MSIE2.00; Windows 2006)"
77.88.47.76 - - [22/Jul/2018:15:29:55 -0400] "GET /robots.txt HTTP/1.0" 404 575 "-" "Mozilla/5.0 (compatible; YandexBot/3.0; +http://yandex.com/bots)"
100.43.85.176 - - [22/Jul/2018:15:29:59 -0400] "GET /who-we-are/media-and-press-releases HTTP/1.0" 404 575 "-" "Mozilla/5.0 (compatible; YandexBot/3.0; +http://yandex.com/bots)"
66.249.91.61 - - [22/Jul/2018:15:30:54 -0400] "GET /get-involved/donate HTTP/1.0" 404 575 "-" "AdsBot-Google (+http://www.google.com/adsbot.html)"
124.104.231.110 - - [22/Jul/2018:15:30:58 -0400] "GET / HTTP/1.0" 200 51034 "http://seoservices2018.com" "Mozilla/5.0 (Windows NT 6.1; WOW64) AppleWebKit/537.36 (KHTML, like Gecko) Chrome/36.0.1985.143 Safari/537.36"
97.113.238.109 - - [22/Jul/2018:15:33:45 -0400] "POST /fileman/fileman.cgi?a=exYub5IKY8Iz9wkE79xWdL3VaKym%2FiZvHdzKDWCJhbejsE6qQGrcpvw06siS0bH9AaOsg7ZTsVn08brWwrcla16ewcfOm%2BWHmi5O%2F52z0oTlTismXm0G7OA0L4VBk%2FmuWdlkeQrzCMQKTM2tzqghwfY4LlLeCJzeL4Q5ljFqcpg%3D HTTP/1.0" 200 30451 "https://hcp.networksolutions.com/filemanager" "Mozilla/5.0 (Macintosh; Intel Mac OS X 10_12_4) AppleWebKit/537.36 (KHTML, like Gecko) Chrome/67.0.3396.99 Safari/537.36"
97.113.238.109 - - [22/Jul/2018:15:33:47 -0400] "POST /fileman/fileman.cgi HTTP/1.0" 200 598 "https://0424da5.netsolhost.com/fileman/fileman.cgi?a=exYub5IKY8Iz9wkE79xWdL3VaKym%2FiZvHdzKDWCJhbejsE6qQGrcpvw06siS0bH9AaOsg7ZTsVn08brWwrcla16ewcfOm%2BWHmi5O%2F52z0oTlTismXm0G7OA0L4VBk%2FmuWdlkeQrzCMQKTM2tzqghwfY4LlLeCJzeL4Q5ljFqcpg%3D" "Mozilla/5.0 (Macintosh; Intel Mac OS X 10_12_4) AppleWebKit/537.36 (KHTML, like Gecko) Chrome/67.0.3396.99 Safari/537.36"
54.36.148.72 - - [22/Jul/2018:15:33:49 -0400] "GET /what-we-do/programs HTTP/1.0" 404 575 "-" "Mozilla/5.0 (compatible; AhrefsBot/5.2; +http://ahrefs.com/robot/)"
97.113.238.109 - - [22/Jul/2018:15:33:50 -0400] "POST /fileman/fileman.cgi HTTP/1.0" 200 1951 "https://0424da5.netsolhost.com/fileman/fileman.cgi?a=exYub5IKY8Iz9wkE79xWdL3VaKym%2FiZvHdzKDWCJhbejsE6qQGrcpvw06siS0bH9AaOsg7ZTsVn08brWwrcla16ewcfOm%2BWHmi5O%2F52z0oTlTismXm0G7OA0L4VBk%2FmuWdlkeQrzCMQKTM2tzqghwfY4LlLeCJzeL4Q5ljFqcpg%3D" "Mozilla/5.0 (Macintosh; Intel Mac OS X 10_12_4) AppleWebKit/537.36 (KHTML, like Gecko) Chrome/67.0.3396.99 Safari/537.36"
97.113.238.109 - - [22/Jul/2018:15:33:50 -0400] "POST /fileman/fileman.cgi HTTP/1.0" 200 1951 "https://0424da5.netsolhost.com/fileman/fileman.cgi?a=exYub5IKY8Iz9wkE79xWdL3VaKym%2FiZvHdzKDWCJhbejsE6qQGrcpvw06siS0bH9AaOsg7ZTsVn08brWwrcla16ewcfOm%2BWHmi5O%2F52z0oTlTismXm0G7OA0L4VBk%2FmuWdlkeQrzCMQKTM2tzqghwfY4LlLeCJzeL4Q5ljFqcpg%3D" "Mozilla/5.0 (Macintosh; Intel Mac OS X 10_12_4) AppleWebKit/537.36 (KHTML, like Gecko) Chrome/67.0.3396.99 Safari/537.36"
97.113.238.109 - - [22/Jul/2018:15:30:31 -0400] "POST /fileman/fileman.cgi HTTP/1.0" 200 1951 "https://0424da5.netsolhost.com/fileman/fileman.cgi?a=exYub5IKY8Iz9wkE79xWdL3VaKym%2FiZvHdzKDWCJhbejsE6qQGrcpvw06siS0bH9AaOsg7ZTsVn08brWwrcla16ewcfOm%2BWHmi5O%2F52z0oTlTismXm0G7OA0L4VBk%2FmuWdlkeQrzCMQKTM2tzqghwfY4LlLeCJzeL4Q5ljFqcpg%3D" "Mozilla/5.0 (Macintosh; Intel Mac OS X 10_12_4) AppleWebKit/537.36 (KHTML, like Gecko) Chrome/67.0.3396.99 Safari/537.36"
97.113.238.109 - - [22/Jul/2018:15:34:18 -0400] "POST /fileman/fileman.cgi HTTP/1.0" 200 525 "https://0424da5.netsolhost.com/fileman/fileman.cgi?a=exYub5IKY8Iz9wkE79xWdL3VaKym%2FiZvHdzKDWCJhbejsE6qQGrcpvw06siS0bH9AaOsg7ZTsVn08brWwrcla16ewcfOm%2BWHmi5O%2F52z0oTlTismXm0G7OA0L4VBk%2FmuWdlkeQrzCMQKTM2tzqghwfY4LlLeCJzeL4Q5ljFqcpg%3D" "Mozilla/5.0 (Macintosh; Intel Mac OS X 10_12_4) AppleWebKit/537.36 (KHTML, like Gecko) Chrome/67.0.3396.99 Safari/537.36"
157.55.39.96 - - [22/Jul/2018:15:34:20 -0400] "GET /css/footer.css?a39480e16c09f9c6832bbd38aa254014758d982f HTTP/1.0" 404 575 "-" "Mozilla/5.0 (compatible; bingbot/2.0; +http://www.bing.com/bingbot.htm)"
157.55.39.96 - - [22/Jul/2018:15:34:21 -0400] "GET /css/index.css?4b55c6dfea63d9683d140e0943ae0b93add54e7c HTTP/1.0" 404 575 "-" "Mozilla/5.0 (compatible; bingbot/2.0; +http://www.bing.com/bingbot.htm)"
157.55.39.96 - - [22/Jul/2018:15:34:21 -0400] "GET /get-involved HTTP/1.0" 404 575 "-" "Mozilla/5.0 (compatible; bingbot/2.0; +http://www.bing.com/bingbot.htm)"
157.55.39.96 - - [22/Jul/2018:15:34:21 -0400] "GET /img/logo.small.sos.png HTTP/1.0" 404 575 "-" "Mozilla/5.0 (compatible; bingbot/2.0; +http://www.bing.com/bingbot.htm)"
157.55.39.96 - - [22/Jul/2018:15:34:22 -0400] "GET /img/universal/logo/logo.png HTTP/1.0" 404 575 "-" "Mozilla/5.0 (compatible; bingbot/2.0; +http://www.bing.com/bingbot.htm)"
207.46.13.47 - - [22/Jul/2018:15:34:25 -0400] "GET /css/navbar.css?6838530bbc0e296e0b5e0fa79c099cb74e38d728 HTTP/1.0" 404 575 "-" "Mozilla/5.0 (compatible; bingbot/2.0; +http://www.bing.com/bingbot.htm)"
207.46.13.47 - - [22/Jul/2018:15:34:25 -0400] "GET /img/dot.png HTTP/1.0" 404 575 "-" "Mozilla/5.0 (compatible; bingbot/2.0; +http://www.bing.com/bingbot.htm)"
207.46.13.47 - - [22/Jul/2018:15:34:25 -0400] "GET /who-we-are HTTP/1.0" 404 575 "-" "Mozilla/5.0 (compatible; bingbot/2.0; +http://www.bing.com/bingbot.htm)"
97.113.238.109 - - [22/Jul/2018:15:34:29 -0400] "POST /fileman/fileman.cgi HTTP/1.0" 200 107 "https://0424da5.netsolhost.com/fileman/fileman.cgi?a=exYub5IKY8Iz9wkE79xWdL3VaKym%2FiZvHdzKDWCJhbejsE6qQGrcpvw06siS0bH9AaOsg7ZTsVn08brWwrcla16ewcfOm%2BWHmi5O%2F52z0oTlTismXm0G7OA0L4VBk%2FmuWdlkeQrzCMQKTM2tzqghwfY4LlLeCJzeL4Q5ljFqcpg%3D" "Mozilla/5.0 (Macintosh; Intel Mac OS X 10_12_4) AppleWebKit/537.36 (KHTML, like Gecko) Chrome/67.0.3396.99 Safari/537.36"
207.46.13.28 - - [22/Jul/2018:15:34:30 -0400] "GET /css/bootstrap-responsive.css?c5ab20523f12152476fb2bc5396355db3f18d98f HTTP/1.0" 404 575 "-" "Mozilla/5.0 (compatible; bingbot/2.0; +http://www.bing.com/bingbot.htm)"
207.46.13.28 - - [22/Jul/2018:15:34:31 -0400] "GET /css/bootstrap.css?23f699b72aaf67db6a868f8c82278f095cdf5b39 HTTP/1.0" 404 575 "-" "Mozilla/5.0 (compatible; bingbot/2.0; +http://www.bing.com/bingbot.htm)"
207.46.13.28 - - [22/Jul/2018:15:34:31 -0400] "GET /img/btn.share.png HTTP/1.0" 404 575 "-" "Mozilla/5.0 (compatible; bingbot/2.0; +http://www.bing.com/bingbot.htm)"
207.46.13.28 - - [22/Jul/2018:15:34:31 -0400] "GET /program-resources HTTP/1.0" 404 575 "-" "Mozilla/5.0 (compatible; bingbot/2.0; +http://www.bing.com/bingbot.htm)"
207.46.13.28 - - [22/Jul/2018:15:34:31 -0400] "GET /what-we-do HTTP/1.0" 404 575 "-" "Mozilla/5.0 (compatible; bingbot/2.0; +http://www.bing.com/bingbot.htm)"
207.46.13.28 - - [22/Jul/2018:15:34:31 -0400] "GET /css/bootstrap-responsive.css?c5ab20523f12152476fb2bc5396355db3f18d98f HTTP/1.0" 404 575 "-" "Mozilla/5.0 (compatible; bingbot/2.0; +http://www.bing.com/bingbot.htm)"
207.46.13.28 - - [22/Jul/2018:15:31:12 -0400] "GET /css/bootstrap.css?23f699b72aaf67db6a868f8c82278f095cdf5b39 HTTP/1.0" 404 575 "-" "Mozilla/5.0 (compatible; bingbot/2.0; +http://www.bing.com/bingbot.htm)"
207.46.13.28 - - [22/Jul/2018:15:34:36 -0400] "GET /img/btn.share.png HTTP/1.0" 404 575 "-" "Mozilla/5.0 (compatible; bingbot/2.0; +http://www.bing.com/bingbot.htm)"
207.46.13.28 - - [22/Jul/2018:15:31:17 -0400] "GET /program-resources HTTP/1.0" 404 575 "-" "Mozilla/5.0 (compatible; bingbot/2.0; +http://www.bing.com/bingbot.htm)"
207.46.13.28 - - [22/Jul/2018:15:34:37 -0400] "GET /what-we-do HTTP/1.0" 404 575 "-" "Mozilla/5.0 (compatible; bingbot/2.0; +http://www.bing.com/bingbot.htm)"
40.77.167.145 - - [22/Jul/2018:15:34:42 -0400] "GET /css/hollywood.css?5e4e86ff15054c06e347f3f52db2416d5e72a4f3 HTTP/1.0" 404 575 "-" "Mozilla/5.0 (compatible; bingbot/2.0; +http://www.bing.com/bingbot.htm)"
40.77.167.145 - - [22/Jul/2018:15:34:42 -0400] "GET /css/hollywood.css?5e4e86ff15054c06e347f3f52db2416d5e72a4f3 HTTP/1.0" 404 575 "-" "Mozilla/5.0 (compatible; bingbot/2.0; +http://www.bing.com/bingbot.htm)"
97.113.238.109 - - [22/Jul/2018:15:34:57 -0400] "POST /fileman/fileman.cgi HTTP/1.0" 200 246 "https://0424da5.netsolhost.com/fileman/fileman.cgi?a=exYub5IKY8Iz9wkE79xWdL3VaKym%2FiZvHdzKDWCJhbejsE6qQGrcpvw06siS0bH9AaOsg7ZTsVn08brWwrcla16ewcfOm%2BWHmi5O%2F52z0oTlTismXm0G7OA0L4VBk%2FmuWdlkeQrzCMQKTM2tzqghwfY4LlLeCJzeL4Q5ljFqcpg%3D" "Mozilla/5.0 (Macintosh; Intel Mac OS X 10_12_4) AppleWebKit/537.36 (KHTML, like Gecko) Chrome/67.0.3396.99 Safari/537.36"
97.113.238.109 - - [22/Jul/2018:15:34:58 -0400] "GET /fileman/fileman.cgi?cmd=fdownload;f=home.htm;work_path=%2Fhtdocs HTTP/1.0" 200 1685 "https://0424da5.netsolhost.com/fileman/fileman.cgi?a=exYub5IKY8Iz9wkE79xWdL3VaKym%2FiZvHdzKDWCJhbejsE6qQGrcpvw06siS0bH9AaOsg7ZTsVn08brWwrcla16ewcfOm%2BWHmi5O%2F52z0oTlTismXm0G7OA0L4VBk%2FmuWdlkeQrzCMQKTM2tzqghwfY4LlLeCJzeL4Q5ljFqcpg%3D" "Mozilla/5.0 (Macintosh; Intel Mac OS X 10_12_4) AppleWebKit/537.36 (KHTML, like Gecko) Chrome/67.0.3396.99 Safari/537.36"
78.12.35.22 - - [22/Jul/2018:15:37:23 -0400] "GET /wp-login.php HTTP/1.0" 404 575 "-" "Mozilla/5.0 (Windows NT 6.1; WOW64; rv:40.0) Gecko/20100101 Firefox/40.1"
78.12.35.22 - - [22/Jul/2018:15:37:23 -0400] "GET / HTTP/1.0" 200 272 "-" "Mozilla/5.0 (Windows NT 6.1; WOW64; rv:40.0) Gecko/20100101 Firefox/40.1"
207.46.13.28 - - [22/Jul/2018:15:41:44 -0400] "GET /get-involved/colorado-eagle-river-ride HTTP/1.0" 404 575 "-" "Mozilla/5.0 (compatible; bingbot/2.0; +http://www.bing.com/bingbot.htm)"
146.20.132.148 - - [22/Jul/2018:15:44:24 -0400] "GET /ads.txt HTTP/1.0" 404 575 "-" "Mozilla/5.0 (X11; Linux x86_64) AppleWebKit/537.36 (KHTML, like Gecko) Chrome/62.0.3202.89 Safari/537.36"
172.58.62.166 - - [22/Jul/2018:15:44:55 -0400] "GET /mobile HTTP/1.0" 404 575 "-" "Mozilla/5.0 (Linux; Android 8.0.0; SM-G935T Build/R16NW; wv) AppleWebKit/537.36 (KHTML, like Gecko) Version/4.0 Chrome/67.0.3396.87 Mobile Safari/537.36"
172.58.62.166 - - [22/Jul/2018:15:44:56 -0400] "GET /favicon.ico HTTP/1.0" 404 575 "http://sosoutreach.org/mobile" "Mozilla/5.0 (Linux; Android 8.0.0; SM-G935T Build/R16NW; wv) AppleWebKit/537.36 (KHTML, like Gecko) Version/4.0 Chrome/67.0.3396.87 Mobile Safari/537.36"
66.249.91.59 - - [22/Jul/2018:15:47:33 -0400] "GET /what-we-do/programs/adventure HTTP/1.0" 404 575 "-" "Mozilla/5.0 (iPhone; CPU iPhone OS 9_1 like Mac OS X) AppleWebKit/601.1.46 (KHTML, like Gecko) Version/9.0 Mobile/13B143 Safari/601.1 (compatible; AdsBot-Google-Mobile; +http://www.google.com/mobile/adsbot.html)"
172.58.175.181 - - [22/Jul/2018:15:48:16 -0400] "GET /favicon.ico HTTP/1.0" 404 575 "-" "okhttp/2.5.0"
97.113.238.109 - - [22/Jul/2018:15:48:16 -0400] "POST /fileman/fileman.cgi?serial=w82xur02 HTTP/1.0" 200 99 "https://0424da5.netsolhost.com/fileman/fileman.cgi?a=exYub5IKY8Iz9wkE79xWdL3VaKym%2FiZvHdzKDWCJhbejsE6qQGrcpvw06siS0bH9AaOsg7ZTsVn08brWwrcla16ewcfOm%2BWHmi5O%2F52z0oTlTismXm0G7OA0L4VBk%2FmuWdlkeQrzCMQKTM2tzqghwfY4LlLeCJzeL4Q5ljFqcpg%3D" "Mozilla/5.0 (Macintosh; Intel Mac OS X 10_12_4) AppleWebKit/537.36 (KHTML, like Gecko) Chrome/67.0.3396.99 Safari/537.36"
97.113.238.109 - - [22/Jul/2018:15:48:16 -0400] "POST /fileman/fileman.cgi HTTP/1.0" 200 2152 "https://0424da5.netsolhost.com/fileman/fileman.cgi?a=exYub5IKY8Iz9wkE79xWdL3VaKym%2FiZvHdzKDWCJhbejsE6qQGrcpvw06siS0bH9AaOsg7ZTsVn08brWwrcla16ewcfOm%2BWHmi5O%2F52z0oTlTismXm0G7OA0L4VBk%2FmuWdlkeQrzCMQKTM2tzqghwfY4LlLeCJzeL4Q5ljFqcpg%3D" "Mozilla/5.0 (Macintosh; Intel Mac OS X 10_12_4) AppleWebKit/537.36 (KHTML, like Gecko) Chrome/67.0.3396.99 Safari/537.36"
97.113.238.109 - - [22/Jul/2018:15:48:17 -0400] "POST /fileman/fileman.cgi HTTP/1.0" 200 2152 "https://0424da5.netsolhost.com/fileman/fileman.cgi?a=exYub5IKY8Iz9wkE79xWdL3VaKym%2FiZvHdzKDWCJhbejsE6qQGrcpvw06siS0bH9AaOsg7ZTsVn08brWwrcla16ewcfOm%2BWHmi5O%2F52z0oTlTismXm0G7OA0L4VBk%2FmuWdlkeQrzCMQKTM2tzqghwfY4LlLeCJzeL4Q5ljFqcpg%3D" "Mozilla/5.0 (Macintosh; Intel Mac OS X 10_12_4) AppleWebKit/537.36 (KHTML, like Gecko) Chrome/67.0.3396.99 Safari/537.36"
97.113.238.109 - - [22/Jul/2018:15:48:17 -0400] "POST /fileman/fileman.cgi HTTP/1.0" 200 2152 "https://0424da5.netsolhost.com/fileman/fileman.cgi?a=exYub5IKY8Iz9wkE79xWdL3VaKym%2FiZvHdzKDWCJhbejsE6qQGrcpvw06siS0bH9AaOsg7ZTsVn08brWwrcla16ewcfOm%2BWHmi5O%2F52z0oTlTismXm0G7OA0L4VBk%2FmuWdlkeQrzCMQKTM2tzqghwfY4LlLeCJzeL4Q5ljFqcpg%3D" "Mozilla/5.0 (Macintosh; Intel Mac OS X 10_12_4) AppleWebKit/537.36 (KHTML, like Gecko) Chrome/67.0.3396.99 Safari/537.36"
97.113.238.109 - - [22/Jul/2018:15:48:43 -0400] "POST /fileman/fileman.cgi HTTP/1.0" 200 2152 "https://0424da5.netsolhost.com/fileman/fileman.cgi?a=exYub5IKY8Iz9wkE79xWdL3VaKym%2FiZvHdzKDWCJhbejsE6qQGrcpvw06siS0bH9AaOsg7ZTsVn08brWwrcla16ewcfOm%2BWHmi5O%2F52z0oTlTismXm0G7OA0L4VBk%2FmuWdlkeQrzCMQKTM2tzqghwfY4LlLeCJzeL4Q5ljFqcpg%3D" "Mozilla/5.0 (Macintosh; Intel Mac OS X 10_12_4) AppleWebKit/537.36 (KHTML, like Gecko) Chrome/67.0.3396.99 Safari/537.36"
40.77.167.145 - - [22/Jul/2018:15:48:47 -0400] "GET /what-we-do/impact-and-numbers HTTP/1.0" 404 575 "-" "Mozilla/5.0 (compatible; bingbot/2.0; +http://www.bing.com/bingbot.htm)"
97.113.238.109 - - [22/Jul/2018:15:49:12 -0400] "POST /fileman/fileman.cgi?serial=qAhbwpz3 HTTP/1.0" 200 85 "https://0424da5.netsolhost.com/fileman/fileman.cgi?a=exYub5IKY8Iz9wkE79xWdL3VaKym%2FiZvHdzKDWCJhbejsE6qQGrcpvw06siS0bH9AaOsg7ZTsVn08brWwrcla16ewcfOm%2BWHmi5O%2F52z0oTlTismXm0G7OA0L4VBk%2FmuWdlkeQrzCMQKTM2tzqghwfY4LlLeCJzeL4Q5ljFqcpg%3D" "Mozilla/5.0 (Macintosh; Intel Mac OS X 10_12_4) AppleWebKit/537.36 (KHTML, like Gecko) Chrome/67.0.3396.99 Safari/537.36"
97.113.238.109 - - [22/Jul/2018:15:49:12 -0400] "POST /fileman/fileman.cgi HTTP/1.0" 200 598 "https://0424da5.netsolhost.com/fileman/fileman.cgi?a=exYub5IKY8Iz9wkE79xWdL3VaKym%2FiZvHdzKDWCJhbejsE6qQGrcpvw06siS0bH9AaOsg7ZTsVn08brWwrcla16ewcfOm%2BWHmi5O%2F52z0oTlTismXm0G7OA0L4VBk%2FmuWdlkeQrzCMQKTM2tzqghwfY4LlLeCJzeL4Q5ljFqcpg%3D" "Mozilla/5.0 (Macintosh; Intel Mac OS X 10_12_4) AppleWebKit/537.36 (KHTML, like Gecko) Chrome/67.0.3396.99 Safari/537.36"
97.113.238.109 - - [22/Jul/2018:15:49:13 -0400] "POST /fileman/fileman.cgi HTTP/1.0" 200 598 "https://0424da5.netsolhost.com/fileman/fileman.cgi?a=exYub5IKY8Iz9wkE79xWdL3VaKym%2FiZvHdzKDWCJhbejsE6qQGrcpvw06siS0bH9AaOsg7ZTsVn08brWwrcla16ewcfOm%2BWHmi5O%2F52z0oTlTismXm0G7OA0L4VBk%2FmuWdlkeQrzCMQKTM2tzqghwfY4LlLeCJzeL4Q5ljFqcpg%3D" "Mozilla/5.0 (Macintosh; Intel Mac OS X 10_12_4) AppleWebKit/537.36 (KHTML, like Gecko) Chrome/67.0.3396.99 Safari/537.36"
97.113.238.109 - - [22/Jul/2018:15:49:13 -0400] "POST /fileman/fileman.cgi HTTP/1.0" 200 598 "https://0424da5.netsolhost.com/fileman/fileman.cgi?a=exYub5IKY8Iz9wkE79xWdL3VaKym%2FiZvHdzKDWCJhbejsE6qQGrcpvw06siS0bH9AaOsg7ZTsVn08brWwrcla16ewcfOm%2BWHmi5O%2F52z0oTlTismXm0G7OA0L4VBk%2FmuWdlkeQrzCMQKTM2tzqghwfY4LlLeCJzeL4Q5ljFqcpg%3D" "Mozilla/5.0 (Macintosh; Intel Mac OS X 10_12_4) AppleWebKit/537.36 (KHTML, like Gecko) Chrome/67.0.3396.99 Safari/537.36"
97.113.238.109 - - [22/Jul/2018:15:49:17 -0400] "POST /fileman/fileman.cgi HTTP/1.0" 200 2322 "https://0424da5.netsolhost.com/fileman/fileman.cgi?a=exYub5IKY8Iz9wkE79xWdL3VaKym%2FiZvHdzKDWCJhbejsE6qQGrcpvw06siS0bH9AaOsg7ZTsVn08brWwrcla16ewcfOm%2BWHmi5O%2F52z0oTlTismXm0G7OA0L4VBk%2FmuWdlkeQrzCMQKTM2tzqghwfY4LlLeCJzeL4Q5ljFqcpg%3D" "Mozilla/5.0 (Macintosh; Intel Mac OS X 10_12_4) AppleWebKit/537.36 (KHTML, like Gecko) Chrome/67.0.3396.99 Safari/537.36"
217.73.208.146 - - [22/Jul/2018:15:49:22 -0400] "GET /robots.txt HTTP/1.0" 404 575 "-" "istellabot/t.1.13"
217.73.208.146 - - [22/Jul/2018:15:49:22 -0400] "GET /get-involved/the-basics-2 HTTP/1.0" 404 575 "-" "istellabot/t.1.13"
172.58.33.203 - - [22/Jul/2018:15:49:24 -0400] "GET /contact-us HTTP/1.0" 404 575 "-" "Mozilla/5.0 (Linux; Android 8.0.0; SAMSUNG SM-G965U Build/R16NW) AppleWebKit/537.36 (KHTML, like Gecko) SamsungBrowser/7.2 Chrome/59.0.3071.125 Mobile Safari/537.36"
172.58.33.203 - - [22/Jul/2018:15:49:25 -0400] "GET /favicon.ico HTTP/1.0" 404 575 "http://sosoutreach.org/contact-us" "Mozilla/5.0 (Linux; Android 8.0.0; SAMSUNG SM-G965U Build/R16NW) AppleWebKit/537.36 (KHTML, like Gecko) SamsungBrowser/7.2 Chrome/59.0.3071.125 Mobile Safari/537.36"
97.113.238.109 - - [22/Jul/2018:15:49:32 -0400] "GET /home2.htm HTTP/1.0" 200 941 "-" "Mozilla/5.0 (Macintosh; Intel Mac OS X 10_12_4) AppleWebKit/537.36 (KHTML, like Gecko) Chrome/67.0.3396.99 Safari/537.36"
97.113.238.109 - - [22/Jul/2018:15:49:32 -0400] "GET /soslogo.jpg HTTP/1.0" 404 575 "http://sosoutreach.org/home2.htm" "Mozilla/5.0 (Macintosh; Intel Mac OS X 10_12_4) AppleWebKit/537.36 (KHTML, like Gecko) Chrome/67.0.3396.99 Safari/537.36"
97.113.238.109 - - [22/Jul/2018:15:50:13 -0400] "POST /fileman/fileman.cgi HTTP/1.0" 200 112 "https://0424da5.netsolhost.com/fileman/fileman.cgi?a=exYub5IKY8Iz9wkE79xWdL3VaKym%2FiZvHdzKDWCJhbejsE6qQGrcpvw06siS0bH9AaOsg7ZTsVn08brWwrcla16ewcfOm%2BWHmi5O%2F52z0oTlTismXm0G7OA0L4VBk%2FmuWdlkeQrzCMQKTM2tzqghwfY4LlLeCJzeL4Q5ljFqcpg%3D" "Mozilla/5.0 (Macintosh; Intel Mac OS X 10_12_4) AppleWebKit/537.36 (KHTML, like Gecko) Chrome/67.0.3396.99 Safari/537.36"
97.113.238.109 - - [22/Jul/2018:15:50:14 -0400] "POST /fileman/fileman.cgi HTTP/1.0" 200 2320 "https://0424da5.netsolhost.com/fileman/fileman.cgi?a=exYub5IKY8Iz9wkE79xWdL3VaKym%2FiZvHdzKDWCJhbejsE6qQGrcpvw06siS0bH9AaOsg7ZTsVn08brWwrcla16ewcfOm%2BWHmi5O%2F52z0oTlTismXm0G7OA0L4VBk%2FmuWdlkeQrzCMQKTM2tzqghwfY4LlLeCJzeL4Q5ljFqcpg%3D" "Mozilla/5.0 (Macintosh; Intel Mac OS X 10_12_4) AppleWebKit/537.36 (KHTML, like Gecko) Chrome/67.0.3396.99 Safari/537.36"
97.113.238.109 - - [22/Jul/2018:15:50:46 -0400] "GET /home2.htm HTTP/1.0" 200 941 "-" "Mozilla/5.0 (Macintosh; Intel Mac OS X 10_12_4) AppleWebKit/537.36 (KHTML, like Gecko) Chrome/67.0.3396.99 Safari/537.36"
97.113.238.109 - - [22/Jul/2018:15:50:46 -0400] "GET /soslogo.jpg HTTP/1.0" 404 575 "http://sosoutreach.org/home2.htm" "Mozilla/5.0 (Macintosh; Intel Mac OS X 10_12_4) AppleWebKit/537.36 (KHTML, like Gecko) Chrome/67.0.3396.99 Safari/537.36"
172.58.33.203 - - [22/Jul/2018:15:47:46 -0400] "GET /mobile HTTP/1.0" 404 575 "-" "Mozilla/5.0 (Linux; Android 8.0.0; SAMSUNG SM-G965U Build/R16NW) AppleWebKit/537.36 (KHTML, like Gecko) SamsungBrowser/7.2 Chrome/59.0.3071.125 Mobile Safari/537.36"
172.58.33.203 - - [22/Jul/2018:15:47:59 -0400] "GET /who-we-are/sos-team HTTP/1.0" 404 575 "-" "Mozilla/5.0 (Linux; Android 8.0.0; SAMSUNG SM-G965U Build/R16NW) AppleWebKit/537.36 (KHTML, like Gecko) SamsungBrowser/7.2 Chrome/59.0.3071.125 Mobile Safari/537.36"
46.229.168.74 - - [22/Jul/2018:15:51:23 -0400] "GET /video/sos-outreach-good-morning-vail HTTP/1.0" 404 575 "-" "Mozilla/5.0 (compatible; SemrushBot/2~bl; +http://www.semrush.com/bot.html)"
97.113.238.109 - - [22/Jul/2018:15:51:28 -0400] "POST /fileman/fileman.cgi HTTP/1.0" 200 102 "https://0424da5.netsolhost.com/fileman/fileman.cgi?a=exYub5IKY8Iz9wkE79xWdL3VaKym%2FiZvHdzKDWCJhbejsE6qQGrcpvw06siS0bH9AaOsg7ZTsVn08brWwrcla16ewcfOm%2BWHmi5O%2F52z0oTlTismXm0G7OA0L4VBk%2FmuWdlkeQrzCMQKTM2tzqghwfY4LlLeCJzeL4Q5ljFqcpg%3D" "Mozilla/5.0 (Macintosh; Intel Mac OS X 10_12_4) AppleWebKit/537.36 (KHTML, like Gecko) Chrome/67.0.3396.99 Safari/537.36"
97.113.238.109 - - [22/Jul/2018:15:51:29 -0400] "POST /fileman/fileman.cgi HTTP/1.0" 200 2320 "https://0424da5.netsolhost.com/fileman/fileman.cgi?a=exYub5IKY8Iz9wkE79xWdL3VaKym%2FiZvHdzKDWCJhbejsE6qQGrcpvw06siS0bH9AaOsg7ZTsVn08brWwrcla16ewcfOm%2BWHmi5O%2F52z0oTlTismXm0G7OA0L4VBk%2FmuWdlkeQrzCMQKTM2tzqghwfY4LlLeCJzeL4Q5ljFqcpg%3D" "Mozilla/5.0 (Macintosh; Intel Mac OS X 10_12_4) AppleWebKit/537.36 (KHTML, like Gecko) Chrome/67.0.3396.99 Safari/537.36"
173.160.50.196 - - [22/Jul/2018:15:51:38 -0400] "GET / HTTP/1.0" 200 50855 "https://www.google.com/" "Mozilla/5.0 (Windows NT 10.0; Win64; x64) AppleWebKit/537.36 (KHTML, like Gecko) Chrome/67.0.3396.99 Safari/537.36"
97.113.238.109 - - [22/Jul/2018:15:48:24 -0400] "POST /fileman/fileman.cgi HTTP/1.0" 200 102 "https://0424da5.netsolhost.com/fileman/fileman.cgi?a=exYub5IKY8Iz9wkE79xWdL3VaKym%2FiZvHdzKDWCJhbejsE6qQGrcpvw06siS0bH9AaOsg7ZTsVn08brWwrcla16ewcfOm%2BWHmi5O%2F52z0oTlTismXm0G7OA0L4VBk%2FmuWdlkeQrzCMQKTM2tzqghwfY4LlLeCJzeL4Q5ljFqcpg%3D" "Mozilla/5.0 (Macintosh; Intel Mac OS X 10_12_4) AppleWebKit/537.36 (KHTML, like Gecko) Chrome/67.0.3396.99 Safari/537.36"
97.113.238.109 - - [22/Jul/2018:15:51:45 -0400] "POST /fileman/fileman.cgi HTTP/1.0" 200 2320 "https://0424da5.netsolhost.com/fileman/fileman.cgi?a=exYub5IKY8Iz9wkE79xWdL3VaKym%2FiZvHdzKDWCJhbejsE6qQGrcpvw06siS0bH9AaOsg7ZTsVn08brWwrcla16ewcfOm%2BWHmi5O%2F52z0oTlTismXm0G7OA0L4VBk%2FmuWdlkeQrzCMQKTM2tzqghwfY4LlLeCJzeL4Q5ljFqcpg%3D" "Mozilla/5.0 (Macintosh; Intel Mac OS X 10_12_4) AppleWebKit/537.36 (KHTML, like Gecko) Chrome/67.0.3396.99 Safari/537.36"
97.113.238.109 - - [22/Jul/2018:15:51:51 -0400] "POST /fileman/fileman.cgi HTTP/1.0" 200 598 "https://0424da5.netsolhost.com/fileman/fileman.cgi?a=exYub5IKY8Iz9wkE79xWdL3VaKym%2FiZvHdzKDWCJhbejsE6qQGrcpvw06siS0bH9AaOsg7ZTsVn08brWwrcla16ewcfOm%2BWHmi5O%2F52z0oTlTismXm0G7OA0L4VBk%2FmuWdlkeQrzCMQKTM2tzqghwfY4LlLeCJzeL4Q5ljFqcpg%3D" "Mozilla/5.0 (Macintosh; Intel Mac OS X 10_12_4) AppleWebKit/537.36 (KHTML, like Gecko) Chrome/67.0.3396.99 Safari/537.36"
97.113.238.109 - - [22/Jul/2018:15:48:34 -0400] "POST /fileman/fileman.cgi HTTP/1.0" 200 76 "https://0424da5.netsolhost.com/fileman/fileman.cgi?a=exYub5IKY8Iz9wkE79xWdL3VaKym%2FiZvHdzKDWCJhbejsE6qQGrcpvw06siS0bH9AaOsg7ZTsVn08brWwrcla16ewcfOm%2BWHmi5O%2F52z0oTlTismXm0G7OA0L4VBk%2FmuWdlkeQrzCMQKTM2tzqghwfY4LlLeCJzeL4Q5ljFqcpg%3D" "Mozilla/5.0 (Macintosh; Intel Mac OS X 10_12_4) AppleWebKit/537.36 (KHTML, like Gecko) Chrome/67.0.3396.99 Safari/537.36"
97.113.238.109 - - [22/Jul/2018:15:51:58 -0400] "POST /fileman/fileman.cgi HTTP/1.0" 200 2320 "https://0424da5.netsolhost.com/fileman/fileman.cgi?a=exYub5IKY8Iz9wkE79xWdL3VaKym%2FiZvHdzKDWCJhbejsE6qQGrcpvw06siS0bH9AaOsg7ZTsVn08brWwrcla16ewcfOm%2BWHmi5O%2F52z0oTlTismXm0G7OA0L4VBk%2FmuWdlkeQrzCMQKTM2tzqghwfY4LlLeCJzeL4Q5ljFqcpg%3D" "Mozilla/5.0 (Macintosh; Intel Mac OS X 10_12_4) AppleWebKit/537.36 (KHTML, like Gecko) Chrome/67.0.3396.99 Safari/537.36"
97.113.238.109 - - [22/Jul/2018:15:52:07 -0400] "POST /fileman/fileman.cgi HTTP/1.0" 200 102 "https://0424da5.netsolhost.com/fileman/fileman.cgi?a=exYub5IKY8Iz9wkE79xWdL3VaKym%2FiZvHdzKDWCJhbejsE6qQGrcpvw06siS0bH9AaOsg7ZTsVn08brWwrcla16ewcfOm%2BWHmi5O%2F52z0oTlTismXm0G7OA0L4VBk%2FmuWdlkeQrzCMQKTM2tzqghwfY4LlLeCJzeL4Q5ljFqcpg%3D" "Mozilla/5.0 (Macintosh; Intel Mac OS X 10_12_4) AppleWebKit/537.36 (KHTML, like Gecko) Chrome/67.0.3396.99 Safari/537.36"
