97.113.238.109 - - [22/Jul/2018:15:52:08 -0400] "POST /fileman/fileman.cgi HTTP/1.0" 200 2320 "https://0424da5.netsolhost.com/fileman/fileman.cgi?a=exYub5IKY8Iz9wkE79xWdL3VaKym%2FiZvHdzKDWCJhbejsE6qQGrcpvw06siS0bH9AaOsg7ZTsVn08brWwrcla16ewcfOm%2BWHmi5O%2F52z0oTlTismXm0G7OA0L4VBk%2FmuWdlkeQrzCMQKTM2tzqghwfY4LlLeCJzeL4Q5ljFqcpg%3D" "Mozilla/5.0 (Macintosh; Intel Mac OS X 10_12_4) AppleWebKit/537.36 (KHTML, like Gecko) Chrome/67.0.3396.99 Safari/537.36"
97.113.238.109 - - [22/Jul/2018:15:52:25 -0400] "POST /fileman/fileman.cgi?serial=C1gCLzKb HTTP/1.0" 200 79 "https://0424da5.netsolhost.com/fileman/fileman.cgi?a=exYub5IKY8Iz9wkE79xWdL3VaKym%2FiZvHdzKDWCJhbejsE6qQGrcpvw06siS0bH9AaOsg7ZTsVn08brWwrcla16ewcfOm%2BWHmi5O%2F52z0oTlTismXm0G7OA0L4VBk%2FmuWdlkeQrzCMQKTM2tzqghwfY4LlLeCJzeL4Q5ljFqcpg%3D" "Mozilla/5.0 (Macintosh; Intel Mac OS X 10_12_4) AppleWebKit/537.36 (KHTML, like Gecko) Chrome/67.0.3396.99 Safari/537.36"
97.113.238.109 - - [22/Jul/2018:15:52:25 -0400] "POST /fileman/fileman.cgi HTTP/1.0" 200 2320 "https://0424da5.netsolhost.com/fileman/fileman.cgi?a=exYub5IKY8Iz9wkE79xWdL3VaKym%2FiZvHdzKDWCJhbejsE6qQGrcpvw06siS0bH9AaOsg7ZTsVn08brWwrcla16ewcfOm%2BWHmi5O%2F52z0oTlTismXm0G7OA0L4VBk%2FmuWdlkeQrzCMQKTM2tzqghwfY4LlLeCJzeL4Q5ljFqcpg%3D" "Mozilla/5.0 (Macintosh; Intel Mac OS X 10_12_4) AppleWebKit/537.36 (KHTML, like Gecko) Chrome/67.0.3396.99 Safari/537.36"
97.113.238.109 - - [22/Jul/2018:15:52:25 -0400] "POST /fileman/fileman.cgi HTTP/1.0" 200 2320 "https://0424da5.netsolhost.com/fileman/fileman.cgi?a=exYub5IKY8Iz9wkE79xWdL3VaKym%2FiZvHdzKDWCJhbejsE6qQGrcpvw06siS0bH9AaOsg7ZTsVn08brWwrcla16ewcfOm%2BWHmi5O%2F52z0oTlTismXm0G7OA0L4VBk%2FmuWdlkeQrzCMQKTM2tzqghwfY4LlLeCJzeL4Q5ljFqcpg%3D" "Mozilla/5.0 (Macintosh; Intel Mac OS X 10_12_4) AppleWebKit/537.36 (KHTML, like Gecko) Chrome/67.0.3396.99 Safari/537.36"
97.113.238.109 - - [22/Jul/2018:15:52:26 -0400] "POST /fileman/fileman.cgi HTTP/1.0" 200 2320 "https://0424da5.netsolhost.com/fileman/fileman.cgi?a=exYub5IKY8Iz9wkE79xWdL3VaKym%2FiZvHdzKDWCJhbejsE6qQGrcpvw06siS0bH9AaOsg7ZTsVn08brWwrcla16ewcfOm%2BWHmi5O%2F52z0oTlTismXm0G7OA0L4VBk%2FmuWdlkeQrzCMQKTM2tzqghwfY4LlLeCJzeL4Q5ljFqcpg%3D" "Mozilla/5.0 (Macintosh; Intel Mac OS X 10_12_4) AppleWebKit/537.36 (KHTML, like Gecko) Chrome/67.0.3396.99 Safari/537.36"
97.113.238.109 - - [22/Jul/2018:15:52:36 -0400] "POST /fileman/fileman.cgi?serial=DpNTelV9 HTTP/1.0" 200 88 "https://0424da5.netsolhost.com/fileman/fileman.cgi?a=exYub5IKY8Iz9wkE79xWdL3VaKym%2FiZvHdzKDWCJhbejsE6qQGrcpvw06siS0bH9AaOsg7ZTsVn08brWwrcla16ewcfOm%2BWHmi5O%2F52z0oTlTismXm0G7OA0L4VBk%2FmuWdlkeQrzCMQKTM2tzqghwfY4LlLeCJzeL4Q5ljFqcpg%3D" "Mozilla/5.0 (Macintosh; Intel Mac OS X 10_12_4) AppleWebKit/537.36 (KHTML, like Gecko) Chrome/67.0.3396.99 Safari/537.36"
97.113.238.109 - - [22/Jul/2018:15:52:36 -0400] "POST /fileman/fileman.cgi HTTP/1.0" 200 2498 "https://0424da5.netsolhost.com/fileman/fileman.cgi?a=exYub5IKY8Iz9wkE79xWdL3VaKym%2FiZvHdzKDWCJhbejsE6qQGrcpvw06siS0bH9AaOsg7ZTsVn08brWwrcla16ewcfOm%2BWHmi5O%2F52z0oTlTismXm0G7OA0L4VBk%2FmuWdlkeQrzCMQKTM2tzqghwfY4LlLeCJzeL4Q5ljFqcpg%3D" "Mozilla/5.0 (Macintosh; Intel Mac OS X 10_12_4) AppleWebKit/537.36 (KHTML, like Gecko) Chrome/67.0.3396.99 Safari/537.36"
97.113.238.109 - - [22/Jul/2018:15:52:37 -0400] "POST /fileman/fileman.cgi HTTP/1.0" 200 2498 "https://0424da5.netsolhost.com/fileman/fileman.cgi?a=exYub5IKY8Iz9wkE79xWdL3VaKym%2FiZvHdzKDWCJhbejsE6qQGrcpvw06siS0bH9AaOsg7ZTsVn08brWwrcla16ewcfOm%2BWHmi5O%2F52z0oTlTismXm0G7OA0L4VBk%2FmuWdlkeQrzCMQKTM2tzqghwfY4LlLeCJzeL4Q5ljFqcpg%3D" "Mozilla/5.0 (Macintosh; Intel Mac OS X 10_12_4) AppleWebKit/537.36 (KHTML, like Gecko) Chrome/67.0.3396.99 Safari/537.36"
97.113.238.109 - - [22/Jul/2018:15:49:17 -0400] "POST /fileman/fileman.cgi HTTP/1.0" 200 2498 "https://0424da5.netsolhost.com/fileman/fileman.cgi?a=exYub5IKY8Iz9wkE79xWdL3VaKym%2FiZvHdzKDWCJhbejsE6qQGrcpvw06siS0bH9AaOsg7ZTsVn08brWwrcla16ewcfOm%2BWHmi5O%2F52z0oTlTismXm0G7OA0L4VBk%2FmuWdlkeQrzCMQKTM2tzqghwfY4LlLeCJzeL4Q5ljFqcpg%3D" "Mozilla/5.0 (Macintosh; Intel Mac OS X 10_12_4) AppleWebKit/537.36 (KHTML, like Gecko) Chrome/67.0.3396.99 Safari/537.36"
97.113.238.109 - - [22/Jul/2018:15:52:41 -0400] "GET /home2.htm HTTP/1.0" 200 941 "-" "Mozilla/5.0 (Macintosh; Intel Mac OS X 10_12_4) AppleWebKit/537.36 (KHTML, like Gecko) Chrome/67.0.3396.99 Safari/537.36"
97.113.238.109 - - [22/Jul/2018:15:49:21 -0400] "GET /soslogo.jpg HTTP/1.0" 200 25337 "http://sosoutreach.org/home2.htm" "Mozilla/5.0 (Macintosh; Intel Mac OS X 10_12_4) AppleWebKit/537.36 (KHTML, like Gecko) Chrome/67.0.3396.99 Safari/537.36"
97.113.238.109 - - [22/Jul/2018:15:54:10 -0400] "GET /home2.htm HTTP/1.0" 200 941 "-" "Mozilla/5.0 (Macintosh; Intel Mac OS X 10_12_4) AppleWebKit/537.36 (KHTML, like Gecko) Chrome/67.0.3396.99 Safari/537.36"
97.113.238.109 - - [22/Jul/2018:15:54:11 -0400] "GET /soslogo.jpg HTTP/1.0" 200 25337 "http://sosoutreach.org/home2.htm" "Mozilla/5.0 (Macintosh; Intel Mac OS X 10_12_4) AppleWebKit/537.36 (KHTML, like Gecko) Chrome/67.0.3396.99 Safari/537.36"
97.113.238.109 - - [22/Jul/2018:15:54:21 -0400] "POST /fileman/fileman.cgi HTTP/1.0" 200 2498 "https://0424da5.netsolhost.com/fileman/fileman.cgi?a=exYub5IKY8Iz9wkE79xWdL3VaKym%2FiZvHdzKDWCJhbejsE6qQGrcpvw06siS0bH9AaOsg7ZTsVn08brWwrcla16ewcfOm%2BWHmi5O%2F52z0oTlTismXm0G7OA0L4VBk%2FmuWdlkeQrzCMQKTM2tzqghwfY4LlLeCJzeL4Q5ljFqcpg%3D" "Mozilla/5.0 (Macintosh; Intel Mac OS X 10_12_4) AppleWebKit/537.36 (KHTML, like Gecko) Chrome/67.0.3396.99 Safari/537.36"
97.113.238.109 - - [22/Jul/2018:15:54:20 -0400] "POST /fileman/fileman.cgi?serial=SVFtvKFn HTTP/1.0" 200 79 "https://0424da5.netsolhost.com/fileman/fileman.cgi?a=exYub5IKY8Iz9wkE79xWdL3VaKym%2FiZvHdzKDWCJhbejsE6qQGrcpvw06siS0bH9AaOsg7ZTsVn08brWwrcla16ewcfOm%2BWHmi5O%2F52z0oTlTismXm0G7OA0L4VBk%2FmuWdlkeQrzCMQKTM2tzqghwfY4LlLeCJzeL4Q5ljFqcpg%3D" "Mozilla/5.0 (Macintosh; Intel Mac OS X 10_12_4) AppleWebKit/537.36 (KHTML, like Gecko) Chrome/67.0.3396.99 Safari/537.36"
97.113.238.109 - - [22/Jul/2018:15:54:22 -0400] "POST /fileman/fileman.cgi HTTP/1.0" 200 2498 "https://0424da5.netsolhost.com/fileman/fileman.cgi?a=exYub5IKY8Iz9wkE79xWdL3VaKym%2FiZvHdzKDWCJhbejsE6qQGrcpvw06siS0bH9AaOsg7ZTsVn08brWwrcla16ewcfOm%2BWHmi5O%2F52z0oTlTismXm0G7OA0L4VBk%2FmuWdlkeQrzCMQKTM2tzqghwfY4LlLeCJzeL4Q5ljFqcpg%3D" "Mozilla/5.0 (Macintosh; Intel Mac OS X 10_12_4) AppleWebKit/537.36 (KHTML, like Gecko) Chrome/67.0.3396.99 Safari/537.36"
97.113.238.109 - - [22/Jul/2018:15:54:24 -0400] "GET /home2.htm HTTP/1.0" 200 941 "-" "Mozilla/5.0 (Macintosh; Intel Mac OS X 10_12_4) AppleWebKit/537.36 (KHTML, like Gecko) Chrome/67.0.3396.99 Safari/537.36"
97.113.238.109 - - [22/Jul/2018:15:54:24 -0400] "GET /soslogo.jpg HTTP/1.0" 200 25337 "http://sosoutreach.org/home2.htm" "Mozilla/5.0 (Macintosh; Intel Mac OS X 10_12_4) AppleWebKit/537.36 (KHTML, like Gecko) Chrome/67.0.3396.99 Safari/537.36"
97.113.238.109 - - [22/Jul/2018:15:54:42 -0400] "POST /fileman/fileman.cgi?serial=nWA662tx HTTP/1.0" 200 79 "https://0424da5.netsolhost.com/fileman/fileman.cgi?a=exYub5IKY8Iz9wkE79xWdL3VaKym%2FiZvHdzKDWCJhbejsE6qQGrcpvw06siS0bH9AaOsg7ZTsVn08brWwrcla16ewcfOm%2BWHmi5O%2F52z0oTlTismXm0G7OA0L4VBk%2FmuWdlkeQrzCMQKTM2tzqghwfY4LlLeCJzeL4Q5ljFqcpg%3D" "Mozilla/5.0 (Macintosh; Intel Mac OS X 10_12_4) AppleWebKit/537.36 (KHTML, like Gecko) Chrome/67.0.3396.99 Safari/537.36"
97.113.238.109 - - [22/Jul/2018:15:54:42 -0400] "POST /fileman/fileman.cgi HTTP/1.0" 200 54 "https://0424da5.netsolhost.com/fileman/fileman.cgi?a=exYub5IKY8Iz9wkE79xWdL3VaKym%2FiZvHdzKDWCJhbejsE6qQGrcpvw06siS0bH9AaOsg7ZTsVn08brWwrcla16ewcfOm%2BWHmi5O%2F52z0oTlTismXm0G7OA0L4VBk%2FmuWdlkeQrzCMQKTM2tzqghwfY4LlLeCJzeL4Q5ljFqcpg%3D" "Mozilla/5.0 (Macintosh; Intel Mac OS X 10_12_4) AppleWebKit/537.36 (KHTML, like Gecko) Chrome/67.0.3396.99 Safari/537.36"
97.113.238.109 - - [22/Jul/2018:15:54:43 -0400] "POST /fileman/fileman.cgi HTTP/1.0" 200 2498 "https://0424da5.netsolhost.com/fileman/fileman.cgi?a=exYub5IKY8Iz9wkE79xWdL3VaKym%2FiZvHdzKDWCJhbejsE6qQGrcpvw06siS0bH9AaOsg7ZTsVn08brWwrcla16ewcfOm%2BWHmi5O%2F52z0oTlTismXm0G7OA0L4VBk%2FmuWdlkeQrzCMQKTM2tzqghwfY4LlLeCJzeL4Q5ljFqcpg%3D" "Mozilla/5.0 (Macintosh; Intel Mac OS X 10_12_4) AppleWebKit/537.36 (KHTML, like Gecko) Chrome/67.0.3396.99 Safari/537.36"
97.113.238.109 - - [22/Jul/2018:15:54:47 -0400] "GET /home2.htm HTTP/1.0" 200 941 "-" "Mozilla/5.0 (Macintosh; Intel Mac OS X 10_12_4) AppleWebKit/537.36 (KHTML, like Gecko) Chrome/67.0.3396.99 Safari/537.36"
97.113.238.109 - - [22/Jul/2018:15:54:48 -0400] "GET /soslogo.jpg HTTP/1.0" 200 25337 "http://sosoutreach.org/home2.htm" "Mozilla/5.0 (Macintosh; Intel Mac OS X 10_12_4) AppleWebKit/537.36 (KHTML, like Gecko) Chrome/67.0.3396.99 Safari/537.36"
97.113.238.109 - - [22/Jul/2018:15:54:54 -0400] "GET /home2.htm HTTP/1.0" 200 941 "-" "Mozilla/5.0 (Macintosh; Intel Mac OS X 10_12_4) AppleWebKit/537.36 (KHTML, like Gecko) Chrome/67.0.3396.99 Safari/537.36"
97.113.238.109 - - [22/Jul/2018:15:54:54 -0400] "GET /soslogo.jpg HTTP/1.0" 200 25337 "http://sosoutreach.org/home2.htm" "Mozilla/5.0 (Macintosh; Intel Mac OS X 10_12_4) AppleWebKit/537.36 (KHTML, like Gecko) Chrome/67.0.3396.99 Safari/537.36"
97.113.238.109 - - [22/Jul/2018:15:54:54 -0400] "GET /favicon.ico HTTP/1.0" 404 575 "http://sosoutreach.org/home2.htm" "Mozilla/5.0 (Macintosh; Intel Mac OS X 10_12_4) AppleWebKit/537.36 (KHTML, like Gecko) Chrome/67.0.3396.99 Safari/537.36"
97.113.238.109 - - [22/Jul/2018:15:55:12 -0400] "POST /fileman/fileman.cgi HTTP/1.0" 200 2498 "https://0424da5.netsolhost.com/fileman/fileman.cgi?a=exYub5IKY8Iz9wkE79xWdL3VaKym%2FiZvHdzKDWCJhbejsE6qQGrcpvw06siS0bH9AaOsg7ZTsVn08brWwrcla16ewcfOm%2BWHmi5O%2F52z0oTlTismXm0G7OA0L4VBk%2FmuWdlkeQrzCMQKTM2tzqghwfY4LlLeCJzeL4Q5ljFqcpg%3D" "Mozilla/5.0 (Macintosh; Intel Mac OS X 10_12_4) AppleWebKit/537.36 (KHTML, like Gecko) Chrome/67.0.3396.99 Safari/537.36"
97.113.238.109 - - [22/Jul/2018:15:55:17 -0400] "POST /fileman/fileman.cgi HTTP/1.0" 200 598 "https://0424da5.netsolhost.com/fileman/fileman.cgi?a=exYub5IKY8Iz9wkE79xWdL3VaKym%2FiZvHdzKDWCJhbejsE6qQGrcpvw06siS0bH9AaOsg7ZTsVn08brWwrcla16ewcfOm%2BWHmi5O%2F52z0oTlTismXm0G7OA0L4VBk%2FmuWdlkeQrzCMQKTM2tzqghwfY4LlLeCJzeL4Q5ljFqcpg%3D" "Mozilla/5.0 (Macintosh; Intel Mac OS X 10_12_4) AppleWebKit/537.36 (KHTML, like Gecko) Chrome/67.0.3396.99 Safari/537.36"
97.113.238.109 - - [22/Jul/2018:15:55:20 -0400] "POST /fileman/fileman.cgi HTTP/1.0" 200 2498 "https://0424da5.netsolhost.com/fileman/fileman.cgi?a=exYub5IKY8Iz9wkE79xWdL3VaKym%2FiZvHdzKDWCJhbejsE6qQGrcpvw06siS0bH9AaOsg7ZTsVn08brWwrcla16ewcfOm%2BWHmi5O%2F52z0oTlTismXm0G7OA0L4VBk%2FmuWdlkeQrzCMQKTM2tzqghwfY4LlLeCJzeL4Q5ljFqcpg%3D" "Mozilla/5.0 (Macintosh; Intel Mac OS X 10_12_4) AppleWebKit/537.36 (KHTML, like Gecko) Chrome/67.0.3396.99 Safari/537.36"
97.113.238.109 - - [22/Jul/2018:15:55:20 -0400] "POST /fileman/fileman.cgi HTTP/1.0" 200 2498 "https://0424da5.netsolhost.com/fileman/fileman.cgi?a=exYub5IKY8Iz9wkE79xWdL3VaKym%2FiZvHdzKDWCJhbejsE6qQGrcpvw06siS0bH9AaOsg7ZTsVn08brWwrcla16ewcfOm%2BWHmi5O%2F52z0oTlTismXm0G7OA0L4VBk%2FmuWdlkeQrzCMQKTM2tzqghwfY4LlLeCJzeL4Q5ljFqcpg%3D" "Mozilla/5.0 (Macintosh; Intel Mac OS X 10_12_4) AppleWebKit/537.36 (KHTML, like Gecko) Chrome/67.0.3396.99 Safari/537.36"
97.113.238.109 - - [22/Jul/2018:15:52:00 -0400] "POST /fileman/fileman.cgi HTTP/1.0" 200 2498 "https://0424da5.netsolhost.com/fileman/fileman.cgi?a=exYub5IKY8Iz9wkE79xWdL3VaKym%2FiZvHdzKDWCJhbejsE6qQGrcpvw06siS0bH9AaOsg7ZTsVn08brWwrcla16ewcfOm%2BWHmi5O%2F52z0oTlTismXm0G7OA0L4VBk%2FmuWdlkeQrzCMQKTM2tzqghwfY4LlLeCJzeL4Q5ljFqcpg%3D" "Mozilla/5.0 (Macintosh; Intel Mac OS X 10_12_4) AppleWebKit/537.36 (KHTML, like Gecko) Chrome/67.0.3396.99 Safari/537.36"
97.113.238.109 - - [22/Jul/2018:15:55:33 -0400] "POST /fileman/fileman.cgi?serial=CGNcf6Ur HTTP/1.0" 200 79 "https://0424da5.netsolhost.com/fileman/fileman.cgi?a=exYub5IKY8Iz9wkE79xWdL3VaKym%2FiZvHdzKDWCJhbejsE6qQGrcpvw06siS0bH9AaOsg7ZTsVn08brWwrcla16ewcfOm%2BWHmi5O%2F52z0oTlTismXm0G7OA0L4VBk%2FmuWdlkeQrzCMQKTM2tzqghwfY4LlLeCJzeL4Q5ljFqcpg%3D" "Mozilla/5.0 (Macintosh; Intel Mac OS X 10_12_4) AppleWebKit/537.36 (KHTML, like Gecko) Chrome/67.0.3396.99 Safari/537.36"
97.113.238.109 - - [22/Jul/2018:15:55:34 -0400] "POST /fileman/fileman.cgi HTTP/1.0" 200 2498 "https://0424da5.netsolhost.com/fileman/fileman.cgi?a=exYub5IKY8Iz9wkE79xWdL3VaKym%2FiZvHdzKDWCJhbejsE6qQGrcpvw06siS0bH9AaOsg7ZTsVn08brWwrcla16ewcfOm%2BWHmi5O%2F52z0oTlTismXm0G7OA0L4VBk%2FmuWdlkeQrzCMQKTM2tzqghwfY4LlLeCJzeL4Q5ljFqcpg%3D" "Mozilla/5.0 (Macintosh; Intel Mac OS X 10_12_4) AppleWebKit/537.36 (KHTML, like Gecko) Chrome/67.0.3396.99 Safari/537.36"
97.113.238.109 - - [22/Jul/2018:15:55:34 -0400] "POST /fileman/fileman.cgi HTTP/1.0" 200 2498 "https://0424da5.netsolhost.com/fileman/fileman.cgi?a=exYub5IKY8Iz9wkE79xWdL3VaKym%2FiZvHdzKDWCJhbejsE6qQGrcpvw06siS0bH9AaOsg7ZTsVn08brWwrcla16ewcfOm%2BWHmi5O%2F52z0oTlTismXm0G7OA0L4VBk%2FmuWdlkeQrzCMQKTM2tzqghwfY4LlLeCJzeL4Q5ljFqcpg%3D" "Mozilla/5.0 (Macintosh; Intel Mac OS X 10_12_4) AppleWebKit/537.36 (KHTML, like Gecko) Chrome/67.0.3396.99 Safari/537.36"
97.113.238.109 - - [22/Jul/2018:15:55:34 -0400] "POST /fileman/fileman.cgi HTTP/1.0" 200 2498 "https://0424da5.netsolhost.com/fileman/fileman.cgi?a=exYub5IKY8Iz9wkE79xWdL3VaKym%2FiZvHdzKDWCJhbejsE6qQGrcpvw06siS0bH9AaOsg7ZTsVn08brWwrcla16ewcfOm%2BWHmi5O%2F52z0oTlTismXm0G7OA0L4VBk%2FmuWdlkeQrzCMQKTM2tzqghwfY4LlLeCJzeL4Q5ljFqcpg%3D" "Mozilla/5.0 (Macintosh; Intel Mac OS X 10_12_4) AppleWebKit/537.36 (KHTML, like Gecko) Chrome/67.0.3396.99 Safari/537.36"
97.113.238.109 - - [22/Jul/2018:15:55:41 -0400] "GET /home2.htm HTTP/1.0" 200 941 "-" "Mozilla/5.0 (Macintosh; Intel Mac OS X 10_12_4) AppleWebKit/537.36 (KHTML, like Gecko) Chrome/67.0.3396.99 Safari/537.36"
97.113.238.109 - - [22/Jul/2018:15:55:42 -0400] "GET /soslogo.jpg HTTP/1.0" 200 25337 "http://sosoutreach.org/home2.htm" "Mozilla/5.0 (Macintosh; Intel Mac OS X 10_12_4) AppleWebKit/537.36 (KHTML, like Gecko) Chrome/67.0.3396.99 Safari/537.36"
97.113.238.109 - - [22/Jul/2018:15:55:42 -0400] "GET /favicon.ico HTTP/1.0" 404 575 "http://sosoutreach.org/home2.htm" "Mozilla/5.0 (Macintosh; Intel Mac OS X 10_12_4) AppleWebKit/537.36 (KHTML, like Gecko) Chrome/67.0.3396.99 Safari/537.36"
46.41.228.239 - - [22/Jul/2018:15:55:44 -0400] "GET /wp-login.php HTTP/1.0" 404 575 "-" "Mozilla/5.0 (Windows NT 6.1; WOW64; rv:40.0) Gecko/20100101 Firefox/40.1"
46.41.228.239 - - [22/Jul/2018:15:55:44 -0400] "GET / HTTP/1.0" 200 31504 "-" "Mozilla/5.0 (Windows NT 6.1; WOW64; rv:40.0) Gecko/20100101 Firefox/40.1"
97.113.238.109 - - [22/Jul/2018:15:56:05 -0400] "POST /fileman/fileman.cgi HTTP/1.0" 200 2498 "https://0424da5.netsolhost.com/fileman/fileman.cgi?a=exYub5IKY8Iz9wkE79xWdL3VaKym%2FiZvHdzKDWCJhbejsE6qQGrcpvw06siS0bH9AaOsg7ZTsVn08brWwrcla16ewcfOm%2BWHmi5O%2F52z0oTlTismXm0G7OA0L4VBk%2FmuWdlkeQrzCMQKTM2tzqghwfY4LlLeCJzeL4Q5ljFqcpg%3D" "Mozilla/5.0 (Macintosh; Intel Mac OS X 10_12_4) AppleWebKit/537.36 (KHTML, like Gecko) Chrome/67.0.3396.99 Safari/537.36"
97.113.238.109 - - [22/Jul/2018:15:56:17 -0400] "POST /fileman/fileman.cgi HTTP/1.0" 200 54 "https://0424da5.netsolhost.com/fileman/fileman.cgi?a=exYub5IKY8Iz9wkE79xWdL3VaKym%2FiZvHdzKDWCJhbejsE6qQGrcpvw06siS0bH9AaOsg7ZTsVn08brWwrcla16ewcfOm%2BWHmi5O%2F52z0oTlTismXm0G7OA0L4VBk%2FmuWdlkeQrzCMQKTM2tzqghwfY4LlLeCJzeL4Q5ljFqcpg%3D" "Mozilla/5.0 (Macintosh; Intel Mac OS X 10_12_4) AppleWebKit/537.36 (KHTML, like Gecko) Chrome/67.0.3396.99 Safari/537.36"
97.113.238.109 - - [22/Jul/2018:15:56:17 -0400] "POST /fileman/fileman.cgi?serial=JwvTqEGc HTTP/1.0" 200 85 "https://0424da5.netsolhost.com/fileman/fileman.cgi?a=exYub5IKY8Iz9wkE79xWdL3VaKym%2FiZvHdzKDWCJhbejsE6qQGrcpvw06siS0bH9AaOsg7ZTsVn08brWwrcla16ewcfOm%2BWHmi5O%2F52z0oTlTismXm0G7OA0L4VBk%2FmuWdlkeQrzCMQKTM2tzqghwfY4LlLeCJzeL4Q5ljFqcpg%3D" "Mozilla/5.0 (Macintosh; Intel Mac OS X 10_12_4) AppleWebKit/537.36 (KHTML, like Gecko) Chrome/67.0.3396.99 Safari/537.36"
97.113.238.109 - - [22/Jul/2018:15:56:18 -0400] "POST /fileman/fileman.cgi HTTP/1.0" 200 2498 "https://0424da5.netsolhost.com/fileman/fileman.cgi?a=exYub5IKY8Iz9wkE79xWdL3VaKym%2FiZvHdzKDWCJhbejsE6qQGrcpvw06siS0bH9AaOsg7ZTsVn08brWwrcla16ewcfOm%2BWHmi5O%2F52z0oTlTismXm0G7OA0L4VBk%2FmuWdlkeQrzCMQKTM2tzqghwfY4LlLeCJzeL4Q5ljFqcpg%3D" "Mozilla/5.0 (Macintosh; Intel Mac OS X 10_12_4) AppleWebKit/537.36 (KHTML, like Gecko) Chrome/67.0.3396.99 Safari/537.36"
97.113.238.109 - - [22/Jul/2018:15:56:21 -0400] "GET /home2.htm HTTP/1.0" 200 969 "-" "Mozilla/5.0 (Macintosh; Intel Mac OS X 10_12_4) AppleWebKit/537.36 (KHTML, like Gecko) Chrome/67.0.3396.99 Safari/537.36"
97.113.238.109 - - [22/Jul/2018:15:53:01 -0400] "GET /SOSOutreachBlkBox.jpg HTTP/1.0" 200 25337 "http://sosoutreach.org/home2.htm" "Mozilla/5.0 (Macintosh; Intel Mac OS X 10_12_4) AppleWebKit/537.36 (KHTML, like Gecko) Chrome/67.0.3396.99 Safari/537.36"
62.210.215.117 - - [22/Jul/2018:15:57:25 -0400] "GET /forum/topics/yay-for-office-space?groupUrl=soslaketahoe&page=1&commentId=2817153%3AComment%3A30063&x=1&feed=yes&xn_auth=no HTTP/1.0" 404 575 "-" "Mozilla/5.0 (X11; Linux i686) AppleWebKit/537.36 (KHTML, like Gecko) Chrome/30.0.1599.66 Safari/537.36"
97.113.238.109 - - [22/Jul/2018:15:57:38 -0400] "POST /fileman/fileman.cgi?serial=pbrnEArb HTTP/1.0" 200 85 "https://0424da5.netsolhost.com/fileman/fileman.cgi?a=exYub5IKY8Iz9wkE79xWdL3VaKym%2FiZvHdzKDWCJhbejsE6qQGrcpvw06siS0bH9AaOsg7ZTsVn08brWwrcla16ewcfOm%2BWHmi5O%2F52z0oTlTismXm0G7OA0L4VBk%2FmuWdlkeQrzCMQKTM2tzqghwfY4LlLeCJzeL4Q5ljFqcpg%3D" "Mozilla/5.0 (Macintosh; Intel Mac OS X 10_12_4) AppleWebKit/537.36 (KHTML, like Gecko) Chrome/67.0.3396.99 Safari/537.36"
97.113.238.109 - - [22/Jul/2018:15:57:38 -0400] "POST /fileman/fileman.cgi HTTP/1.0" 200 54 "https://0424da5.netsolhost.com/fileman/fileman.cgi?a=exYub5IKY8Iz9wkE79xWdL3VaKym%2FiZvHdzKDWCJhbejsE6qQGrcpvw06siS0bH9AaOsg7ZTsVn08brWwrcla16ewcfOm%2BWHmi5O%2F52z0oTlTismXm0G7OA0L4VBk%2FmuWdlkeQrzCMQKTM2tzqghwfY4LlLeCJzeL4Q5ljFqcpg%3D" "Mozilla/5.0 (Macintosh; Intel Mac OS X 10_12_4) AppleWebKit/537.36 (KHTML, like Gecko) Chrome/67.0.3396.99 Safari/537.36"
97.113.238.109 - - [22/Jul/2018:15:57:39 -0400] "POST /fileman/fileman.cgi HTTP/1.0" 200 2498 "https://0424da5.netsolhost.com/fileman/fileman.cgi?a=exYub5IKY8Iz9wkE79xWdL3VaKym%2FiZvHdzKDWCJhbejsE6qQGrcpvw06siS0bH9AaOsg7ZTsVn08brWwrcla16ewcfOm%2BWHmi5O%2F52z0oTlTismXm0G7OA0L4VBk%2FmuWdlkeQrzCMQKTM2tzqghwfY4LlLeCJzeL4Q5ljFqcpg%3D" "Mozilla/5.0 (Macintosh; Intel Mac OS X 10_12_4) AppleWebKit/537.36 (KHTML, like Gecko) Chrome/67.0.3396.99 Safari/537.36"
97.113.238.109 - - [22/Jul/2018:15:57:42 -0400] "GET /home2.htm HTTP/1.0" 200 965 "-" "Mozilla/5.0 (Macintosh; Intel Mac OS X 10_12_4) AppleWebKit/537.36 (KHTML, like Gecko) Chrome/67.0.3396.99 Safari/537.36"
97.113.238.109 - - [22/Jul/2018:15:57:42 -0400] "GET /SOSOutreachBlkBox.jpg HTTP/1.0" 200 25337 "http://sosoutreach.org/home2.htm" "Mozilla/5.0 (Macintosh; Intel Mac OS X 10_12_4) AppleWebKit/537.36 (KHTML, like Gecko) Chrome/67.0.3396.99 Safari/537.36"
73.14.243.111 - - [22/Jul/2018:15:59:18 -0400] "GET / HTTP/1.0" 200 50110 "-" "Mozilla/5.0 (Windows NT 10.0; Win64; x64) AppleWebKit/537.36 (KHTML, like Gecko) Chrome/67.0.3396.99 Safari/537.36"
73.14.243.111 - - [22/Jul/2018:15:59:20 -0400] "GET /favicon.ico HTTP/1.0" 404 575 "http://sosoutreach.org/" "Mozilla/5.0 (Windows NT 10.0; Win64; x64) AppleWebKit/537.36 (KHTML, like Gecko) Chrome/67.0.3396.99 Safari/537.36"
73.14.243.111 - - [22/Jul/2018:15:59:39 -0400] "GET /home2.htm HTTP/1.0" 200 965 "-" "Mozilla/5.0 (Windows NT 10.0; Win64; x64) AppleWebKit/537.36 (KHTML, like Gecko) Chrome/67.0.3396.99 Safari/537.36"
73.14.243.111 - - [22/Jul/2018:15:59:39 -0400] "GET /SOSOutreachBlkBox.jpg HTTP/1.0" 200 25337 "http://sosoutreach.org/home2.htm" "Mozilla/5.0 (Windows NT 10.0; Win64; x64) AppleWebKit/537.36 (KHTML, like Gecko) Chrome/67.0.3396.99 Safari/537.36"
97.113.238.109 - - [22/Jul/2018:16:00:26 -0400] "POST /fileman/fileman.cgi HTTP/1.0" 200 102 "https://0424da5.netsolhost.com/fileman/fileman.cgi?a=exYub5IKY8Iz9wkE79xWdL3VaKym%2FiZvHdzKDWCJhbejsE6qQGrcpvw06siS0bH9AaOsg7ZTsVn08brWwrcla16ewcfOm%2BWHmi5O%2F52z0oTlTismXm0G7OA0L4VBk%2FmuWdlkeQrzCMQKTM2tzqghwfY4LlLeCJzeL4Q5ljFqcpg%3D" "Mozilla/5.0 (Macintosh; Intel Mac OS X 10_12_4) AppleWebKit/537.36 (KHTML, like Gecko) Chrome/67.0.3396.99 Safari/537.36"
97.113.238.109 - - [22/Jul/2018:16:00:30 -0400] "POST /fileman/fileman.cgi HTTP/1.0" 200 72 "https://0424da5.netsolhost.com/fileman/fileman.cgi?a=exYub5IKY8Iz9wkE79xWdL3VaKym%2FiZvHdzKDWCJhbejsE6qQGrcpvw06siS0bH9AaOsg7ZTsVn08brWwrcla16ewcfOm%2BWHmi5O%2F52z0oTlTismXm0G7OA0L4VBk%2FmuWdlkeQrzCMQKTM2tzqghwfY4LlLeCJzeL4Q5ljFqcpg%3D" "Mozilla/5.0 (Macintosh; Intel Mac OS X 10_12_4) AppleWebKit/537.36 (KHTML, like Gecko) Chrome/67.0.3396.99 Safari/537.36"
97.113.238.109 - - [22/Jul/2018:16:00:31 -0400] "POST /fileman/fileman.cgi HTTP/1.0" 200 2300 "https://0424da5.netsolhost.com/fileman/fileman.cgi?a=exYub5IKY8Iz9wkE79xWdL3VaKym%2FiZvHdzKDWCJhbejsE6qQGrcpvw06siS0bH9AaOsg7ZTsVn08brWwrcla16ewcfOm%2BWHmi5O%2F52z0oTlTismXm0G7OA0L4VBk%2FmuWdlkeQrzCMQKTM2tzqghwfY4LlLeCJzeL4Q5ljFqcpg%3D" "Mozilla/5.0 (Macintosh; Intel Mac OS X 10_12_4) AppleWebKit/537.36 (KHTML, like Gecko) Chrome/67.0.3396.99 Safari/537.36"
185.25.32.33 - - [22/Jul/2018:16:01:45 -0400] "GET /robots.txt HTTP/1.0" 404 575 "-" "robots"
185.25.32.33 - - [22/Jul/2018:16:01:45 -0400] "GET /profiles/blogs/auto-insurance-better-auto HTTP/1.0" 404 575 "-" "magpie-crawler/1.1 (U; Linux amd64; en-GB; +http://www.brandwatch.net)"
207.46.13.47 - - [22/Jul/2018:16:02:16 -0400] "GET /admin HTTP/1.0" 404 575 "-" "Mozilla/5.0 (compatible; bingbot/2.0; +http://www.bing.com/bingbot.htm)"
207.46.13.28 - - [22/Jul/2018:16:02:34 -0400] "GET /index.cfm?fuseaction=sosshop HTTP/1.0" 404 575 "-" "Mozilla/5.0 (compatible; bingbot/2.0; +http://www.bing.com/bingbot.htm)"
46.229.168.69 - - [22/Jul/2018:16:02:58 -0400] "GET /robots.txt HTTP/1.0" 404 575 "-" "Mozilla/5.0 (compatible; SemrushBot/2~bl; +http://www.semrush.com/bot.html)"
46.229.168.76 - - [22/Jul/2018:16:03:04 -0400] "GET /%5C HTTP/1.0" 404 575 "-" "Mozilla/5.0 (compatible; SemrushBot/2~bl; +http://www.semrush.com/bot.html)"
73.14.243.111 - - [22/Jul/2018:16:04:48 -0400] "POST /fileman/fileman.cgi?a=sIYUxXSsKQLwj7SxfAYzlI4yjTKPiWaQ6drQ5%2BtK%2FqDQDhZhQHmqyqc86BCHvSwQ8WSVN%2BEKe%2Fb1FoN1JMrhpxWG%2Fh%2BQh8%2B5FM7199eEF0v50cDZAXxkwQIGFEf76QNcuZiRAMSl0qpLyAg7zuOMUZQ%2Bul788r3Ztyrt5pWgKmk%3D HTTP/1.0" 200 30451 "https://hcp.networksolutions.com/filemanager" "Mozilla/5.0 (Windows NT 10.0; Win64; x64) AppleWebKit/537.36 (KHTML, like Gecko) Chrome/67.0.3396.99 Safari/537.36"
73.14.243.111 - - [22/Jul/2018:16:04:50 -0400] "POST /fileman/fileman.cgi HTTP/1.0" 200 598 "https://0424da5.netsolhost.com/fileman/fileman.cgi?a=sIYUxXSsKQLwj7SxfAYzlI4yjTKPiWaQ6drQ5%2BtK%2FqDQDhZhQHmqyqc86BCHvSwQ8WSVN%2BEKe%2Fb1FoN1JMrhpxWG%2Fh%2BQh8%2B5FM7199eEF0v50cDZAXxkwQIGFEf76QNcuZiRAMSl0qpLyAg7zuOMUZQ%2Bul788r3Ztyrt5pWgKmk%3D" "Mozilla/5.0 (Windows NT 10.0; Win64; x64) AppleWebKit/537.36 (KHTML, like Gecko) Chrome/67.0.3396.99 Safari/537.36"
73.14.243.111 - - [22/Jul/2018:16:04:53 -0400] "POST /fileman/fileman.cgi HTTP/1.0" 200 2300 "https://0424da5.netsolhost.com/fileman/fileman.cgi?a=sIYUxXSsKQLwj7SxfAYzlI4yjTKPiWaQ6drQ5%2BtK%2FqDQDhZhQHmqyqc86BCHvSwQ8WSVN%2BEKe%2Fb1FoN1JMrhpxWG%2Fh%2BQh8%2B5FM7199eEF0v50cDZAXxkwQIGFEf76QNcuZiRAMSl0qpLyAg7zuOMUZQ%2Bul788r3Ztyrt5pWgKmk%3D" "Mozilla/5.0 (Windows NT 10.0; Win64; x64) AppleWebKit/537.36 (KHTML, like Gecko) Chrome/67.0.3396.99 Safari/537.36"
73.14.243.111 - - [22/Jul/2018:16:04:53 -0400] "POST /fileman/fileman.cgi HTTP/1.0" 200 2300 "https://0424da5.netsolhost.com/fileman/fileman.cgi?a=sIYUxXSsKQLwj7SxfAYzlI4yjTKPiWaQ6drQ5%2BtK%2FqDQDhZhQHmqyqc86BCHvSwQ8WSVN%2BEKe%2Fb1FoN1JMrhpxWG%2Fh%2BQh8%2B5FM7199eEF0v50cDZAXxkwQIGFEf76QNcuZiRAMSl0qpLyAg7zuOMUZQ%2Bul788r3Ztyrt5pWgKmk%3D" "Mozilla/5.0 (Windows NT 10.0; Win64; x64) AppleWebKit/537.36 (KHTML, like Gecko) Chrome/67.0.3396.99 Safari/537.36"
73.14.243.111 - - [22/Jul/2018:16:04:53 -0400] "POST /fileman/fileman.cgi HTTP/1.0" 200 2300 "https://0424da5.netsolhost.com/fileman/fileman.cgi?a=sIYUxXSsKQLwj7SxfAYzlI4yjTKPiWaQ6drQ5%2BtK%2FqDQDhZhQHmqyqc86BCHvSwQ8WSVN%2BEKe%2Fb1FoN1JMrhpxWG%2Fh%2BQh8%2B5FM7199eEF0v50cDZAXxkwQIGFEf76QNcuZiRAMSl0qpLyAg7zuOMUZQ%2Bul788r3Ztyrt5pWgKmk%3D" "Mozilla/5.0 (Windows NT 10.0; Win64; x64) AppleWebKit/537.36 (KHTML, like Gecko) Chrome/67.0.3396.99 Safari/537.36"
73.14.243.111 - - [22/Jul/2018:16:06:10 -0400] "POST /fileman/fileman.cgi HTTP/1.0" 200 89 "https://0424da5.netsolhost.com/fileman/fileman.cgi?a=sIYUxXSsKQLwj7SxfAYzlI4yjTKPiWaQ6drQ5%2BtK%2FqDQDhZhQHmqyqc86BCHvSwQ8WSVN%2BEKe%2Fb1FoN1JMrhpxWG%2Fh%2BQh8%2B5FM7199eEF0v50cDZAXxkwQIGFEf76QNcuZiRAMSl0qpLyAg7zuOMUZQ%2Bul788r3Ztyrt5pWgKmk%3D" "Mozilla/5.0 (Windows NT 10.0; Win64; x64) AppleWebKit/537.36 (KHTML, like Gecko) Chrome/67.0.3396.99 Safari/537.36"
73.14.243.111 - - [22/Jul/2018:16:06:11 -0400] "POST /fileman/fileman.cgi HTTP/1.0" 200 2308 "https://0424da5.netsolhost.com/fileman/fileman.cgi?a=sIYUxXSsKQLwj7SxfAYzlI4yjTKPiWaQ6drQ5%2BtK%2FqDQDhZhQHmqyqc86BCHvSwQ8WSVN%2BEKe%2Fb1FoN1JMrhpxWG%2Fh%2BQh8%2B5FM7199eEF0v50cDZAXxkwQIGFEf76QNcuZiRAMSl0qpLyAg7zuOMUZQ%2Bul788r3Ztyrt5pWgKmk%3D" "Mozilla/5.0 (Windows NT 10.0; Win64; x64) AppleWebKit/537.36 (KHTML, like Gecko) Chrome/67.0.3396.99 Safari/537.36"
73.14.243.111 - - [22/Jul/2018:16:06:30 -0400] "POST /fileman/fileman.cgi HTTP/1.0" 200 86 "https://0424da5.netsolhost.com/fileman/fileman.cgi?a=sIYUxXSsKQLwj7SxfAYzlI4yjTKPiWaQ6drQ5%2BtK%2FqDQDhZhQHmqyqc86BCHvSwQ8WSVN%2BEKe%2Fb1FoN1JMrhpxWG%2Fh%2BQh8%2B5FM7199eEF0v50cDZAXxkwQIGFEf76QNcuZiRAMSl0qpLyAg7zuOMUZQ%2Bul788r3Ztyrt5pWgKmk%3D" "Mozilla/5.0 (Windows NT 10.0; Win64; x64) AppleWebKit/537.36 (KHTML, like Gecko) Chrome/67.0.3396.99 Safari/537.36"
73.14.243.111 - - [22/Jul/2018:16:06:32 -0400] "POST /fileman/fileman.cgi HTTP/1.0" 200 2306 "https://0424da5.netsolhost.com/fileman/fileman.cgi?a=sIYUxXSsKQLwj7SxfAYzlI4yjTKPiWaQ6drQ5%2BtK%2FqDQDhZhQHmqyqc86BCHvSwQ8WSVN%2BEKe%2Fb1FoN1JMrhpxWG%2Fh%2BQh8%2B5FM7199eEF0v50cDZAXxkwQIGFEf76QNcuZiRAMSl0qpLyAg7zuOMUZQ%2Bul788r3Ztyrt5pWgKmk%3D" "Mozilla/5.0 (Windows NT 10.0; Win64; x64) AppleWebKit/537.36 (KHTML, like Gecko) Chrome/67.0.3396.99 Safari/537.36"
97.113.238.109 - - [22/Jul/2018:16:06:36 -0400] "GET /home.htm HTTP/1.0" 404 575 "-" "Mozilla/5.0 (Macintosh; Intel Mac OS X 10_12_4) AppleWebKit/537.36 (KHTML, like Gecko) Chrome/67.0.3396.99 Safari/537.36"
97.113.238.109 - - [22/Jul/2018:16:06:42 -0400] "GET / HTTP/1.0" 200 50380 "-" "Mozilla/5.0 (Macintosh; Intel Mac OS X 10_12_4) AppleWebKit/537.36 (KHTML, like Gecko) Chrome/67.0.3396.99 Safari/537.36"
73.14.243.111 - - [22/Jul/2018:16:06:46 -0400] "GET / HTTP/1.0" 200 50350 "-" "Mozilla/5.0 (Windows NT 10.0; Win64; x64) AppleWebKit/537.36 (KHTML, like Gecko) Chrome/67.0.3396.99 Safari/537.36"
97.113.238.109 - - [22/Jul/2018:16:06:51 -0400] "GET /home.htm HTTP/1.0" 404 575 "-" "Mozilla/5.0 (Macintosh; Intel Mac OS X 10_12_4) AppleWebKit/537.36 (KHTML, like Gecko) Chrome/67.0.3396.99 Safari/537.36"
97.113.238.109 - - [22/Jul/2018:16:06:52 -0400] "GET /home.htm HTTP/1.0" 404 575 "-" "Mozilla/5.0 (Macintosh; Intel Mac OS X 10_12_4) AppleWebKit/537.36 (KHTML, like Gecko) Chrome/67.0.3396.99 Safari/537.36"
73.14.243.111 - - [22/Jul/2018:16:06:53 -0400] "GET / HTTP/1.0" 200 50110 "-" "Mozilla/5.0 (Windows NT 10.0; Win64; x64) AppleWebKit/537.36 (KHTML, like Gecko) Chrome/67.0.3396.99 Safari/537.36"
97.113.238.109 - - [22/Jul/2018:16:07:07 -0400] "GET /home.htm HTTP/1.0" 404 575 "-" "Mozilla/5.0 (Macintosh; Intel Mac OS X 10_12_4) AppleWebKit/537.36 (KHTML, like Gecko) Chrome/67.0.3396.99 Safari/537.36"
97.113.238.109 - - [22/Jul/2018:16:07:13 -0400] "GET / HTTP/1.0" 200 50236 "-" "Mozilla/5.0 (Macintosh; Intel Mac OS X 10_12_4) AppleWebKit/537.36 (KHTML, like Gecko) Chrome/67.0.3396.99 Safari/537.36"
97.113.238.109 - - [22/Jul/2018:16:07:17 -0400] "GET / HTTP/1.0" 200 49966 "-" "Mozilla/5.0 (Macintosh; Intel Mac OS X 10_12_4) AppleWebKit/537.36 (KHTML, like Gecko) Chrome/67.0.3396.99 Safari/537.36"
97.113.238.109 - - [22/Jul/2018:16:07:19 -0400] "GET /favicon.ico HTTP/1.0" 404 575 "http://sosoutreach.org/" "Mozilla/5.0 (Macintosh; Intel Mac OS X 10_12_4) AppleWebKit/537.36 (KHTML, like Gecko) Chrome/67.0.3396.99 Safari/537.36"
73.14.243.111 - - [22/Jul/2018:16:07:22 -0400] "GET / HTTP/1.0" 200 50254 "-" "Mozilla/5.0 (Windows NT 10.0; Win64; x64) AppleWebKit/537.36 (KHTML, like Gecko) Chrome/67.0.3396.99 Safari/537.36"
73.14.243.111 - - [22/Jul/2018:16:07:25 -0400] "GET / HTTP/1.0" 200 50476 "-" "Mozilla/5.0 (Windows NT 10.0; Win64; x64) AppleWebKit/537.36 (KHTML, like Gecko) Chrome/67.0.3396.99 Safari/537.36"
73.14.243.111 - - [22/Jul/2018:16:07:33 -0400] "GET /home.htm HTTP/1.0" 404 575 "-" "Mozilla/5.0 (Windows NT 10.0; Win64; x64) AppleWebKit/537.36 (KHTML, like Gecko) Chrome/67.0.3396.99 Safari/537.36"
97.113.238.109 - - [22/Jul/2018:16:07:44 -0400] "GET /hmoe.htm HTTP/1.0" 404 575 "-" "Mozilla/5.0 (Macintosh; Intel Mac OS X 10_12_4) AppleWebKit/537.36 (KHTML, like Gecko) Chrome/67.0.3396.99 Safari/537.36"
97.113.238.109 - - [22/Jul/2018:16:07:50 -0400] "GET /home.htm HTTP/1.0" 404 575 "-" "Mozilla/5.0 (Macintosh; Intel Mac OS X 10_12_4) AppleWebKit/537.36 (KHTML, like Gecko) Chrome/67.0.3396.99 Safari/537.36"
97.113.238.109 - - [22/Jul/2018:16:07:54 -0400] "GET /home.old.htm HTTP/1.0" 404 575 "-" "Mozilla/5.0 (Macintosh; Intel Mac OS X 10_12_4) AppleWebKit/537.36 (KHTML, like Gecko) Chrome/67.0.3396.99 Safari/537.36"
97.113.238.109 - - [22/Jul/2018:16:07:59 -0400] "GET /home.old.htm HTTP/1.0" 404 575 "-" "Mozilla/5.0 (Macintosh; Intel Mac OS X 10_12_4) AppleWebKit/537.36 (KHTML, like Gecko) Chrome/67.0.3396.99 Safari/537.36"
97.113.238.109 - - [22/Jul/2018:16:08:04 -0400] "GET /htdocs/home.old.htm HTTP/1.0" 404 575 "-" "Mozilla/5.0 (Macintosh; Intel Mac OS X 10_12_4) AppleWebKit/537.36 (KHTML, like Gecko) Chrome/67.0.3396.99 Safari/537.36"
97.113.238.109 - - [22/Jul/2018:16:04:50 -0400] "GET / HTTP/1.0" 200 49948 "-" "Mozilla/5.0 (Macintosh; Intel Mac OS X 10_12_4) AppleWebKit/537.36 (KHTML, like Gecko) Chrome/67.0.3396.99 Safari/537.36"
97.113.238.109 - - [22/Jul/2018:16:04:52 -0400] "GET / HTTP/1.0" 200 51003 "http://sosoutreach.org/" "Mozilla/5.0 (Macintosh; Intel Mac OS X 10_12_4) AppleWebKit/537.36 (KHTML, like Gecko) Chrome/67.0.3396.99 Safari/537.36"
73.14.243.111 - - [22/Jul/2018:16:08:12 -0400] "GET /home.htm HTTP/1.0" 404 575 "-" "Mozilla/5.0 (Windows NT 10.0; Win64; x64) AppleWebKit/537.36 (KHTML, like Gecko) Chrome/67.0.3396.99 Safari/537.36"
97.113.238.109 - - [22/Jul/2018:16:08:12 -0400] "GET /favicon.ico HTTP/1.0" 404 575 "http://www.sosoutreach.org/" "Mozilla/5.0 (Macintosh; Intel Mac OS X 10_12_4) AppleWebKit/537.36 (KHTML, like Gecko) Chrome/67.0.3396.99 Safari/537.36"
73.14.243.111 - - [22/Jul/2018:16:08:15 -0400] "GET /home.htm HTTP/1.0" 404 575 "-" "Mozilla/5.0 (Windows NT 10.0; Win64; x64) AppleWebKit/537.36 (KHTML, like Gecko) Chrome/67.0.3396.99 Safari/537.36"
73.14.243.111 - - [22/Jul/2018:16:08:23 -0400] "GET / HTTP/1.0" 200 49822 "-" "Mozilla/5.0 (Windows NT 10.0; Win64; x64) AppleWebKit/537.36 (KHTML, like Gecko) Chrome/67.0.3396.99 Safari/537.36"
97.113.238.109 - - [22/Jul/2018:16:08:45 -0400] "GET /home.old.htm HTTP/1.0" 404 575 "-" "Mozilla/5.0 (Macintosh; Intel Mac OS X 10_12_4) AppleWebKit/537.36 (KHTML, like Gecko) Chrome/67.0.3396.99 Safari/537.36"
97.113.238.109 - - [22/Jul/2018:16:09:13 -0400] "GET /Home.old.htm HTTP/1.0" 200 1685 "-" "Mozilla/5.0 (Macintosh; Intel Mac OS X 10_12_4) AppleWebKit/537.36 (KHTML, like Gecko) Chrome/67.0.3396.99 Safari/537.36"
73.14.243.111 - - [22/Jul/2018:16:09:40 -0400] "POST /fileman/fileman.cgi HTTP/1.0" 200 85 "https://0424da5.netsolhost.com/fileman/fileman.cgi?a=sIYUxXSsKQLwj7SxfAYzlI4yjTKPiWaQ6drQ5%2BtK%2FqDQDhZhQHmqyqc86BCHvSwQ8WSVN%2BEKe%2Fb1FoN1JMrhpxWG%2Fh%2BQh8%2B5FM7199eEF0v50cDZAXxkwQIGFEf76QNcuZiRAMSl0qpLyAg7zuOMUZQ%2Bul788r3Ztyrt5pWgKmk%3D" "Mozilla/5.0 (Windows NT 10.0; Win64; x64) AppleWebKit/537.36 (KHTML, like Gecko) Chrome/67.0.3396.99 Safari/537.36"
73.14.243.111 - - [22/Jul/2018:16:09:41 -0400] "POST /fileman/fileman.cgi HTTP/1.0" 200 2306 "https://0424da5.netsolhost.com/fileman/fileman.cgi?a=sIYUxXSsKQLwj7SxfAYzlI4yjTKPiWaQ6drQ5%2BtK%2FqDQDhZhQHmqyqc86BCHvSwQ8WSVN%2BEKe%2Fb1FoN1JMrhpxWG%2Fh%2BQh8%2B5FM7199eEF0v50cDZAXxkwQIGFEf76QNcuZiRAMSl0qpLyAg7zuOMUZQ%2Bul788r3Ztyrt5pWgKmk%3D" "Mozilla/5.0 (Windows NT 10.0; Win64; x64) AppleWebKit/537.36 (KHTML, like Gecko) Chrome/67.0.3396.99 Safari/537.36"
97.113.238.109 - - [22/Jul/2018:16:09:46 -0400] "GET /home.htm HTTP/1.0" 200 965 "-" "Mozilla/5.0 (Macintosh; Intel Mac OS X 10_12_4) AppleWebKit/537.36 (KHTML, like Gecko) Chrome/67.0.3396.99 Safari/537.36"
97.113.238.109 - - [22/Jul/2018:16:09:46 -0400] "GET /SOSOutreachBlkBox.jpg HTTP/1.0" 404 575 "http://www.sosoutreach.org/home.htm" "Mozilla/5.0 (Macintosh; Intel Mac OS X 10_12_4) AppleWebKit/537.36 (KHTML, like Gecko) Chrome/67.0.3396.99 Safari/537.36"
73.14.243.111 - - [22/Jul/2018:16:09:56 -0400] "GET /home.htm HTTP/1.0" 200 965 "-" "Mozilla/5.0 (Windows NT 10.0; Win64; x64) AppleWebKit/537.36 (KHTML, like Gecko) Chrome/67.0.3396.99 Safari/537.36"
73.14.243.111 - - [22/Jul/2018:16:09:56 -0400] "GET /SOSOutreachBlkBox.jpg HTTP/1.0" 404 575 "http://sosoutreach.org/home.htm" "Mozilla/5.0 (Windows NT 10.0; Win64; x64) AppleWebKit/537.36 (KHTML, like Gecko) Chrome/67.0.3396.99 Safari/537.36"
97.113.238.109 - - [22/Jul/2018:16:09:58 -0400] "POST /fileman/fileman.cgi?a=8UqslD5TiD1QZ%2FTFMyfYnAFj2iIpz5g6z6QHz9bLT2ioE4WifMGLMD5mc%2F6zYTVdKFSQnwlhzQvVMzhaPW9g6t70KH4m1l4gERmRTg%2BjjMFfHg8zu%2FOIxhY79Q3KBikyrUCzzjiYYD6oTOX2D%2BHXemSVzW%2B%2BbWYqMrYQO%2Fh3tAw%3D HTTP/1.0" 200 30451 "https://hcp.networksolutions.com/filemanager" "Mozilla/5.0 (Macintosh; Intel Mac OS X 10_12_4) AppleWebKit/537.36 (KHTML, like Gecko) Chrome/67.0.3396.99 Safari/537.36"
97.113.238.109 - - [22/Jul/2018:16:09:59 -0400] "POST /fileman/fileman.cgi HTTP/1.0" 200 598 "https://0424da5.netsolhost.com/fileman/fileman.cgi?a=8UqslD5TiD1QZ%2FTFMyfYnAFj2iIpz5g6z6QHz9bLT2ioE4WifMGLMD5mc%2F6zYTVdKFSQnwlhzQvVMzhaPW9g6t70KH4m1l4gERmRTg%2BjjMFfHg8zu%2FOIxhY79Q3KBikyrUCzzjiYYD6oTOX2D%2BHXemSVzW%2B%2BbWYqMrYQO%2Fh3tAw%3D" "Mozilla/5.0 (Macintosh; Intel Mac OS X 10_12_4) AppleWebKit/537.36 (KHTML, like Gecko) Chrome/67.0.3396.99 Safari/537.36"
97.113.238.109 - - [22/Jul/2018:16:06:40 -0400] "GET /favicon.ico HTTP/1.0" 404 575 "https://0424da5.netsolhost.com/fileman/fileman.cgi?a=8UqslD5TiD1QZ%2FTFMyfYnAFj2iIpz5g6z6QHz9bLT2ioE4WifMGLMD5mc%2F6zYTVdKFSQnwlhzQvVMzhaPW9g6t70KH4m1l4gERmRTg%2BjjMFfHg8zu%2FOIxhY79Q3KBikyrUCzzjiYYD6oTOX2D%2BHXemSVzW%2B%2BbWYqMrYQO%2Fh3tAw%3D" "Mozilla/5.0 (Macintosh; Intel Mac OS X 10_12_4) AppleWebKit/537.36 (KHTML, like Gecko) Chrome/67.0.3396.99 Safari/537.36"
73.14.243.111 - - [22/Jul/2018:16:10:07 -0400] "GET / HTTP/1.0" 200 50254 "-" "Mozilla/5.0 (Windows NT 10.0; Win64; x64) AppleWebKit/537.36 (KHTML, like Gecko) Chrome/67.0.3396.99 Safari/537.36"
97.113.238.109 - - [22/Jul/2018:16:10:07 -0400] "GET / HTTP/1.0" 200 49970 "-" "Mozilla/5.0 (Macintosh; Intel Mac OS X 10_12_4) AppleWebKit/537.36 (KHTML, like Gecko) Chrome/67.0.3396.99 Safari/537.36"
97.113.238.109 - - [22/Jul/2018:16:10:16 -0400] "GET /SOSOutreachBlkBox.jpg HTTP/1.0" 404 575 "http://www.sosoutreach.org/home.htm" "Mozilla/5.0 (Macintosh; Intel Mac OS X 10_12_4) AppleWebKit/537.36 (KHTML, like Gecko) Chrome/67.0.3396.99 Safari/537.36"
73.14.243.111 - - [22/Jul/2018:16:10:17 -0400] "GET /SOSOutreachBlkBox.jpg HTTP/1.0" 404 575 "http://sosoutreach.org/home.htm" "Mozilla/5.0 (Windows NT 10.0; Win64; x64) AppleWebKit/537.36 (KHTML, like Gecko) Chrome/67.0.3396.99 Safari/537.36"
97.113.238.109 - - [22/Jul/2018:16:10:21 -0400] "POST /fileman/fileman.cgi HTTP/1.0" 200 2306 "https://0424da5.netsolhost.com/fileman/fileman.cgi?a=8UqslD5TiD1QZ%2FTFMyfYnAFj2iIpz5g6z6QHz9bLT2ioE4WifMGLMD5mc%2F6zYTVdKFSQnwlhzQvVMzhaPW9g6t70KH4m1l4gERmRTg%2BjjMFfHg8zu%2FOIxhY79Q3KBikyrUCzzjiYYD6oTOX2D%2BHXemSVzW%2B%2BbWYqMrYQO%2Fh3tAw%3D" "Mozilla/5.0 (Macintosh; Intel Mac OS X 10_12_4) AppleWebKit/537.36 (KHTML, like Gecko) Chrome/67.0.3396.99 Safari/537.36"
97.113.238.109 - - [22/Jul/2018:16:10:24 -0400] "POST /fileman/fileman.cgi HTTP/1.0" 200 1647 "https://0424da5.netsolhost.com/fileman/fileman.cgi?a=8UqslD5TiD1QZ%2FTFMyfYnAFj2iIpz5g6z6QHz9bLT2ioE4WifMGLMD5mc%2F6zYTVdKFSQnwlhzQvVMzhaPW9g6t70KH4m1l4gERmRTg%2BjjMFfHg8zu%2FOIxhY79Q3KBikyrUCzzjiYYD6oTOX2D%2BHXemSVzW%2B%2BbWYqMrYQO%2Fh3tAw%3D" "Mozilla/5.0 (Macintosh; Intel Mac OS X 10_12_4) AppleWebKit/537.36 (KHTML, like Gecko) Chrome/67.0.3396.99 Safari/537.36"
97.113.238.109 - - [22/Jul/2018:16:11:01 -0400] "POST /fileman/fileman.cgi HTTP/1.0" 200 72 "https://0424da5.netsolhost.com/fileman/fileman.cgi?a=8UqslD5TiD1QZ%2FTFMyfYnAFj2iIpz5g6z6QHz9bLT2ioE4WifMGLMD5mc%2F6zYTVdKFSQnwlhzQvVMzhaPW9g6t70KH4m1l4gERmRTg%2BjjMFfHg8zu%2FOIxhY79Q3KBikyrUCzzjiYYD6oTOX2D%2BHXemSVzW%2B%2BbWYqMrYQO%2Fh3tAw%3D" "Mozilla/5.0 (Macintosh; Intel Mac OS X 10_12_4) AppleWebKit/537.36 (KHTML, like Gecko) Chrome/67.0.3396.99 Safari/537.36"
97.113.238.109 - - [22/Jul/2018:16:11:02 -0400] "POST /fileman/fileman.cgi HTTP/1.0" 200 2306 "https://0424da5.netsolhost.com/fileman/fileman.cgi?a=8UqslD5TiD1QZ%2FTFMyfYnAFj2iIpz5g6z6QHz9bLT2ioE4WifMGLMD5mc%2F6zYTVdKFSQnwlhzQvVMzhaPW9g6t70KH4m1l4gERmRTg%2BjjMFfHg8zu%2FOIxhY79Q3KBikyrUCzzjiYYD6oTOX2D%2BHXemSVzW%2B%2BbWYqMrYQO%2Fh3tAw%3D" "Mozilla/5.0 (Macintosh; Intel Mac OS X 10_12_4) AppleWebKit/537.36 (KHTML, like Gecko) Chrome/67.0.3396.99 Safari/537.36"
97.113.238.109 - - [22/Jul/2018:16:11:07 -0400] "GET /home.htm HTTP/1.0" 200 956 "-" "Mozilla/5.0 (Macintosh; Intel Mac OS X 10_12_4) AppleWebKit/537.36 (KHTML, like Gecko) Chrome/67.0.3396.99 Safari/537.36"
97.113.238.109 - - [22/Jul/2018:16:11:07 -0400] "GET /soslogo.jpg HTTP/1.0" 200 25337 "http://www.sosoutreach.org/home.htm" "Mozilla/5.0 (Macintosh; Intel Mac OS X 10_12_4) AppleWebKit/537.36 (KHTML, like Gecko) Chrome/67.0.3396.99 Safari/537.36"
73.14.243.111 - - [22/Jul/2018:16:11:14 -0400] "GET /home.htm HTTP/1.0" 200 956 "-" "Mozilla/5.0 (Windows NT 10.0; Win64; x64) AppleWebKit/537.36 (KHTML, like Gecko) Chrome/67.0.3396.99 Safari/537.36"
73.14.243.111 - - [22/Jul/2018:16:11:14 -0400] "GET /soslogo.jpg HTTP/1.0" 200 25337 "http://sosoutreach.org/home.htm" "Mozilla/5.0 (Windows NT 10.0; Win64; x64) AppleWebKit/537.36 (KHTML, like Gecko) Chrome/67.0.3396.99 Safari/537.36"
97.113.238.109 - - [22/Jul/2018:16:11:30 -0400] "POST /fileman/fileman.cgi HTTP/1.0" 200 1638 "https://0424da5.netsolhost.com/fileman/fileman.cgi?a=8UqslD5TiD1QZ%2FTFMyfYnAFj2iIpz5g6z6QHz9bLT2ioE4WifMGLMD5mc%2F6zYTVdKFSQnwlhzQvVMzhaPW9g6t70KH4m1l4gERmRTg%2BjjMFfHg8zu%2FOIxhY79Q3KBikyrUCzzjiYYD6oTOX2D%2BHXemSVzW%2B%2BbWYqMrYQO%2Fh3tAw%3D" "Mozilla/5.0 (Macintosh; Intel Mac OS X 10_12_4) AppleWebKit/537.36 (KHTML, like Gecko) Chrome/67.0.3396.99 Safari/537.36"
24.8.240.249 - - [22/Jul/2018:16:12:30 -0400] "GET /mobile HTTP/1.0" 404 575 "-" "Mozilla/5.0 (Linux; Android 8.0.0; SM-G935T Build/R16NW; wv) AppleWebKit/537.36 (KHTML, like Gecko) Version/4.0 Chrome/67.0.3396.87 Mobile Safari/537.36"
24.8.240.249 - - [22/Jul/2018:16:12:30 -0400] "GET /favicon.ico HTTP/1.0" 404 575 "http://sosoutreach.org/mobile" "Mozilla/5.0 (Linux; Android 8.0.0; SM-G935T Build/R16NW; wv) AppleWebKit/537.36 (KHTML, like Gecko) Version/4.0 Chrome/67.0.3396.87 Mobile Safari/537.36"
81.213.250.179 - - [22/Jul/2018:16:14:06 -0400] "GET /wp-login.php HTTP/1.0" 404 575 "-" "Mozilla/5.0 (Windows NT 6.1; WOW64; rv:40.0) Gecko/20100101 Firefox/40.1"
81.213.250.179 - - [22/Jul/2018:16:14:06 -0400] "GET / HTTP/1.0" 200 31408 "-" "Mozilla/5.0 (Windows NT 6.1; WOW64; rv:40.0) Gecko/20100101 Firefox/40.1"
97.113.238.109 - - [22/Jul/2018:16:16:36 -0400] "GET / HTTP/1.0" 200 50336 "-" "Mozilla/5.0 (Macintosh; Intel Mac OS X 10_12_4) AppleWebKit/537.36 (KHTML, like Gecko) Chrome/67.0.3396.99 Safari/537.36"
97.113.238.109 - - [22/Jul/2018:16:16:41 -0400] "GET / HTTP/1.0" 200 49730 "-" "Mozilla/5.0 (Macintosh; Intel Mac OS X 10_12_4) AppleWebKit/537.36 (KHTML, like Gecko) Chrome/67.0.3396.99 Safari/537.36"
97.113.238.109 - - [22/Jul/2018:16:16:42 -0400] "GET /favicon.ico HTTP/1.0" 404 575 "http://www.sosoutreach.org/" "Mozilla/5.0 (Macintosh; Intel Mac OS X 10_12_4) AppleWebKit/537.36 (KHTML, like Gecko) Chrome/67.0.3396.99 Safari/537.36"
217.73.208.146 - - [22/Jul/2018:16:18:40 -0400] "GET /who-we-are/our-locations HTTP/1.0" 404 575 "-" "istellabot/t.1.13"
54.36.148.123 - - [22/Jul/2018:16:20:13 -0400] "GET /main/authorization/signIn?target=http%3A%2F%2Fwww.sosoutreach.org%2Fphoto%2Fjesuuus-1 HTTP/1.0" 404 575 "-" "Mozilla/5.0 (compatible; AhrefsBot/5.2; +http://ahrefs.com/robot/)"
52.91.5.169 - - [22/Jul/2018:16:30:13 -0400] "GET /robots.txt HTTP/1.0" 404 575 "-" "Apache-HttpClient/4.5.3 (Java/1.8.0_161)"
52.90.122.13 - - [22/Jul/2018:16:33:32 -0400] "GET / HTTP/1.0" 200 272 "-" "Apache-HttpClient/4.5.3 (Java/1.8.0_161)"
97.113.238.109 - - [22/Jul/2018:16:33:49 -0400] "GET /home.htm HTTP/1.0" 200 956 "-" "Mozilla/5.0 (Macintosh; Intel Mac OS X 10_12_4) AppleWebKit/537.36 (KHTML, like Gecko) Chrome/67.0.3396.99 Safari/537.36"
97.113.238.109 - - [22/Jul/2018:16:33:49 -0400] "GET /soslogo.jpg HTTP/1.0" 200 25337 "http://www.sosoutreach.org/home.htm" "Mozilla/5.0 (Macintosh; Intel Mac OS X 10_12_4) AppleWebKit/537.36 (KHTML, like Gecko) Chrome/67.0.3396.99 Safari/537.36"
97.113.238.109 - - [22/Jul/2018:16:33:49 -0400] "GET /favicon.ico HTTP/1.0" 404 575 "http://www.sosoutreach.org/home.htm" "Mozilla/5.0 (Macintosh; Intel Mac OS X 10_12_4) AppleWebKit/537.36 (KHTML, like Gecko) Chrome/67.0.3396.99 Safari/537.36"
97.113.238.109 - - [22/Jul/2018:16:30:36 -0400] "GET / HTTP/1.0" 200 50450 "-" "Mozilla/5.0 (Macintosh; Intel Mac OS X 10_12_4) AppleWebKit/537.36 (KHTML, like Gecko) Chrome/67.0.3396.99 Safari/537.36"
97.113.238.109 - - [22/Jul/2018:16:30:41 -0400] "GET / HTTP/1.0" 200 50258 "-" "Mozilla/5.0 (Macintosh; Intel Mac OS X 10_12_4) AppleWebKit/537.36 (KHTML, like Gecko) Chrome/67.0.3396.99 Safari/537.36"
97.113.238.109 - - [22/Jul/2018:16:34:02 -0400] "GET /favicon.ico HTTP/1.0" 404 575 "http://www.sosoutreach.org/" "Mozilla/5.0 (Macintosh; Intel Mac OS X 10_12_4) AppleWebKit/537.36 (KHTML, like Gecko) Chrome/67.0.3396.99 Safari/537.36"
207.46.13.47 - - [22/Jul/2018:16:34:20 -0400] "GET /who-we-are HTTP/1.0" 404 575 "-" "Mozilla/5.0 (compatible; bingbot/2.0; +http://www.bing.com/bingbot.htm)"
123.125.71.36 - - [22/Jul/2018:16:34:33 -0400] "GET /what-we-do/history HTTP/1.0" 404 575 "-" "Mozilla/5.0 (compatible; Baiduspider/2.0; +http://www.baidu.com/search/spider.html)"
74.118.192.130 - - [22/Jul/2018:16:37:52 -0400] "GET /%5C&du=sosoutreach.org%5C&hash=51B9CFD00692805E70172462C24171E2 HTTP/1.0" 404 575 "-" "Mozilla/5.0 (X11; Linux x86_64) AppleWebKit/537.36 (KHTML, like Gecko) Chrome/41.0.2227.0 Safari/537.36"
217.73.208.146 - - [22/Jul/2018:16:41:16 -0400] "GET /get-involved/donate HTTP/1.0" 404 575 "-" "istellabot/t.1.13"
65.156.244.50 - - [22/Jul/2018:16:38:14 -0400] "GET / HTTP/1.0" 200 50110 "-" "Mozilla/5.0 (Macintosh; Intel Mac OS X 10_12_6) AppleWebKit/604.5.6 (KHTML, like Gecko) Version/11.0.3 Safari/604.5.6"
65.156.244.50 - - [22/Jul/2018:16:42:06 -0400] "GET / HTTP/1.0" 200 50595 "https://www.google.com/" "Mozilla/5.0 (Macintosh; Intel Mac OS X 10_12_6) AppleWebKit/604.5.6 (KHTML, like Gecko) Version/11.0.3 Safari/604.5.6"
65.156.244.50 - - [22/Jul/2018:16:39:07 -0400] "GET / HTTP/1.0" 200 49870 "-" "Mozilla/5.0 (Macintosh; Intel Mac OS X 10_12_6) AppleWebKit/604.5.6 (KHTML, like Gecko) Version/11.0.3 Safari/604.5.6"
34.227.32.230 - - [22/Jul/2018:16:45:51 -0400] "GET /posts HTTP/1.0" 404 575 "-" "User-Agent: Mozilla/5.0 (Windows NT 6.1; WOW64) AppleWebKit/537.31 (KHTML, like Gecko) Chrome/26.0.1410.64 Safari/537.31"
34.227.32.230 - - [22/Jul/2018:16:46:01 -0400] "GET /posts HTTP/1.0" 404 575 "-" "User-Agent: Mozilla/5.0 (Windows NT 6.1; WOW64) AppleWebKit/537.31 (KHTML, like Gecko) Chrome/26.0.1410.64 Safari/537.31"
96.93.213.13 - - [22/Jul/2018:16:51:03 -0400] "GET / HTTP/1.0" 200 50787 "https://www.google.com/" "Mozilla/5.0 (Windows NT 6.3; Win64; x64) AppleWebKit/537.36 (KHTML, like Gecko) Chrome/67.0.3396.99 Safari/537.36"
96.93.213.13 - - [22/Jul/2018:16:51:07 -0400] "GET /favicon.ico HTTP/1.0" 404 575 "http://sosoutreach.org/" "Mozilla/5.0 (Windows NT 6.3; Win64; x64) AppleWebKit/537.36 (KHTML, like Gecko) Chrome/67.0.3396.99 Safari/537.36"
96.93.213.13 - - [22/Jul/2018:16:57:56 -0400] "GET / HTTP/1.0" 200 50181 "https://www.google.com/" "Mozilla/5.0 (Windows NT 6.3; Win64; x64) AppleWebKit/537.36 (KHTML, like Gecko) Chrome/67.0.3396.99 Safari/537.36"
96.93.213.13 - - [22/Jul/2018:16:58:02 -0400] "GET /favicon.ico HTTP/1.0" 404 575 "http://sosoutreach.org/" "Mozilla/5.0 (Windows NT 6.3; Win64; x64) AppleWebKit/537.36 (KHTML, like Gecko) Chrome/67.0.3396.99 Safari/537.36"
96.93.213.13 - - [22/Jul/2018:16:58:07 -0400] "GET / HTTP/1.0" 200 50807 "https://www.google.com/" "Mozilla/5.0 (Windows NT 6.3; Win64; x64) AppleWebKit/537.36 (KHTML, like Gecko) Chrome/67.0.3396.99 Safari/537.36"
96.93.213.13 - - [22/Jul/2018:16:54:54 -0400] "GET /what-we-do/programs HTTP/1.0" 404 575 "https://www.google.com/" "Mozilla/5.0 (Windows NT 6.3; Win64; x64) AppleWebKit/537.36 (KHTML, like Gecko) Chrome/67.0.3396.99 Safari/537.36"
18.206.119.42 - - [22/Jul/2018:17:01:59 -0400] "GET /locals-discount-club HTTP/1.0" 404 575 "-" "User-Agent: Mozilla/5.0 (Windows NT 6.1; WOW64) AppleWebKit/537.31 (KHTML, like Gecko) Chrome/26.0.1410.64 Safari/537.31"
18.206.119.42 - - [22/Jul/2018:17:05:29 -0400] "GET /locals-discount-club HTTP/1.0" 404 575 "-" "User-Agent: Mozilla/5.0 (Windows NT 6.1; WOW64) AppleWebKit/537.31 (KHTML, like Gecko) Chrome/26.0.1410.64 Safari/537.31"
123.125.71.36 - - [22/Jul/2018:17:07:53 -0400] "GET /program-resources/program-payment HTTP/1.0" 404 575 "-" "Mozilla/5.0 (compatible; Baiduspider/2.0; +http://www.baidu.com/search/spider.html)"
207.46.13.47 - - [22/Jul/2018:17:10:29 -0400] "GET /video/video/rss?xn_auth=no HTTP/1.0" 404 575 "-" "Mozilla/5.0 (compatible; bingbot/2.0; +http://www.bing.com/bingbot.htm)"
66.249.75.78 - - [22/Jul/2018:17:10:34 -0400] "GET /robots.txt HTTP/1.0" 404 575 "-" "Mozilla/5.0 (compatible; Googlebot/2.1; +http://www.google.com/bot.html)"
66.249.91.59 - - [22/Jul/2018:17:10:54 -0400] "GET /get-involved/donate HTTP/1.0" 404 575 "-" "Mozilla/5.0 (iPhone; CPU iPhone OS 9_1 like Mac OS X) AppleWebKit/601.1.46 (KHTML, like Gecko) Version/9.0 Mobile/13B143 Safari/601.1 (compatible; AdsBot-Google-Mobile; +http://www.google.com/mobile/adsbot.html)"
185.25.32.37 - - [22/Jul/2018:17:17:11 -0400] "GET /robots.txt HTTP/1.0" 404 575 "-" "robots"
185.25.32.32 - - [22/Jul/2018:17:17:12 -0400] "GET /profiles/blogs/diet-weight-loss-better-diet HTTP/1.0" 404 575 "-" "magpie-crawler/1.1 (U; Linux amd64; en-GB; +http://www.brandwatch.net)"
46.229.168.73 - - [22/Jul/2018:17:20:08 -0400] "GET /robots.txt HTTP/1.0" 404 575 "-" "Mozilla/5.0 (compatible; SemrushBot/2~bl; +http://www.semrush.com/bot.html)"
46.229.168.72 - - [22/Jul/2018:17:20:15 -0400] "GET /page/cerr-event-schedule HTTP/1.0" 404 575 "-" "Mozilla/5.0 (compatible; SemrushBot/2~bl; +http://www.semrush.com/bot.html)"
143.137.237.112 - - [22/Jul/2018:17:17:20 -0400] "GET /wp-login.php HTTP/1.0" 404 575 "-" "Mozilla/5.0 (Windows NT 6.1; WOW64; rv:40.0) Gecko/20100101 Firefox/40.1"
143.137.237.112 - - [22/Jul/2018:17:17:21 -0400] "GET / HTTP/1.0" 200 49040 "-" "Mozilla/5.0 (Windows NT 6.1; WOW64; rv:40.0) Gecko/20100101 Firefox/40.1"
97.115.196.35 - - [22/Jul/2018:17:25:02 -0400] "GET / HTTP/1.0" 200 50476 "-" "Mozilla/5.0 (Windows NT 10.0; Win64; x64) AppleWebKit/537.36 (KHTML, like Gecko) Chrome/64.0.3282.140 Safari/537.36 Edge/17.17134"
97.115.196.35 - - [22/Jul/2018:17:25:03 -0400] "GET /favicon.ico HTTP/1.0" 404 575 "-" "Mozilla/5.0 (Windows NT 10.0; Win64; x64) AppleWebKit/537.36 (KHTML, like Gecko) Chrome/64.0.3282.140 Safari/537.36 Edge/17.17134"
123.125.71.82 - - [22/Jul/2018:17:25:54 -0400] "GET /what-we-do HTTP/1.0" 404 575 "-" "Mozilla/5.0 (compatible; Baiduspider/2.0; +http://www.baidu.com/search/spider.html)"
97.115.196.35 - - [22/Jul/2018:17:26:18 -0400] "GET / HTTP/1.0" 200 50352 "-" "Mozilla/5.0 (Windows NT 10.0; Win64; x64) AppleWebKit/537.36 (KHTML, like Gecko) Chrome/64.0.3282.140 Safari/537.36 Edge/17.17134"
97.115.196.35 - - [22/Jul/2018:17:26:19 -0400] "GET /favicon.ico HTTP/1.0" 404 575 "-" "Mozilla/5.0 (Windows NT 10.0; Win64; x64) AppleWebKit/537.36 (KHTML, like Gecko) Chrome/64.0.3282.140 Safari/537.36 Edge/17.17134"
54.36.149.38 - - [22/Jul/2018:17:27:16 -0400] "GET / HTTP/1.0" 200 271 "-" "Mozilla/5.0 (compatible; AhrefsBot/5.2; +http://ahrefs.com/robot/)"
109.102.111.44 - - [22/Jul/2018:17:30:49 -0400] "GET / HTTP/1.0" 200 272 "-" "Java/1.7.0_79"
46.229.168.73 - - [22/Jul/2018:17:31:53 -0400] "GET /robots.txt HTTP/1.0" 404 575 "-" "Mozilla/5.0 (compatible; SemrushBot/2~bl; +http://www.semrush.com/bot.html)"
97.113.238.109 - - [22/Jul/2018:17:31:57 -0400] "GET / HTTP/1.0" 200 50480 "-" "Mozilla/5.0 (Macintosh; Intel Mac OS X 10_12_4) AppleWebKit/537.36 (KHTML, like Gecko) Chrome/67.0.3396.99 Safari/537.36"
97.113.238.109 - - [22/Jul/2018:17:31:59 -0400] "GET /favicon.ico HTTP/1.0" 404 575 "http://www.sosoutreach.org/" "Mozilla/5.0 (Macintosh; Intel Mac OS X 10_12_4) AppleWebKit/537.36 (KHTML, like Gecko) Chrome/67.0.3396.99 Safari/537.36"
46.229.168.75 - - [22/Jul/2018:17:32:00 -0400] "GET /video/sos-outreach-good-morning-vail HTTP/1.0" 404 575 "-" "Mozilla/5.0 (compatible; SemrushBot/2~bl; +http://www.semrush.com/bot.html)"
64.209.132.6 - - [22/Jul/2018:17:32:26 -0400] "GET /mobile HTTP/1.0" 404 575 "www.bing.com" "Mozilla/5.0 (Windows NT 6.3; WOW64) AppleWebKit/537.36 (KHTML, like Gecko) Chrome/30.0.1599.101 Safari/537.36"
